// Jest Snapshot v1, https://goo.gl/fbAQLP

exports[`Component FormLayout.js renders properly asserts that the component renders properly 1`] = `undefined`;
