// Jest Snapshot v1, https://goo.gl/fbAQLP

exports[`Component Header.js renders properly asserts that the component renders properly 1`] = `
Object {
  "asFragment": [Function],
  "baseElement": <body>
    <div>
      <div
        class="sc-bdVaJa ePdClf"
      >
        <div
          class="sc-bwzfXH dNrEvZ"
        >
          <a
            href="/"
          >
            <img
              alt="Hackton - Organise hackathons"
              class="sc-htpNat Tzmao"
              src="Hackton-logo.png"
            />
          </a>
          <div
            class="sc-bZQynM fBpDUV"
          >
            <a
              class="sc-EHOje dPpzUU"
              to="/login"
            >
              Log In
            </a>
            <a
              class="sc-EHOje hokJgT"
              color="blue"
              to="/register"
            >
              Sign Up
            </a>
          </div>
        </div>
      </div>
    </div>
  </body>,
  "container": <div>
    <div
      class="sc-bdVaJa ePdClf"
    >
      <div
        class="sc-bwzfXH dNrEvZ"
      >
        <a
          href="/"
        >
          <img
            alt="Hackton - Organise hackathons"
            class="sc-htpNat Tzmao"
            src="Hackton-logo.png"
          />
        </a>
        <div
          class="sc-bZQynM fBpDUV"
        >
          <a
            class="sc-EHOje dPpzUU"
            to="/login"
          >
            Log In
          </a>
          <a
            class="sc-EHOje hokJgT"
            color="blue"
            to="/register"
          >
            Sign Up
          </a>
        </div>
      </div>
    </div>
  </div>,
  "debug": [Function],
  "findAllByAltText": [Function],
  "findAllByDisplayValue": [Function],
  "findAllByLabelText": [Function],
  "findAllByPlaceholderText": [Function],
  "findAllByRole": [Function],
  "findAllByTestId": [Function],
  "findAllByText": [Function],
  "findAllByTitle": [Function],
  "findByAltText": [Function],
  "findByDisplayValue": [Function],
  "findByLabelText": [Function],
  "findByPlaceholderText": [Function],
  "findByRole": [Function],
  "findByTestId": [Function],
  "findByText": [Function],
  "findByTitle": [Function],
  "getAllByAltText": [Function],
  "getAllByDisplayValue": [Function],
  "getAllByLabelText": [Function],
  "getAllByPlaceholderText": [Function],
  "getAllByRole": [Function],
  "getAllByTestId": [Function],
  "getAllByText": [Function],
  "getAllByTitle": [Function],
  "getByAltText": [Function],
  "getByDisplayValue": [Function],
  "getByLabelText": [Function],
  "getByPlaceholderText": [Function],
  "getByRole": [Function],
  "getByTestId": [Function],
  "getByText": [Function],
  "getByTitle": [Function],
  "queryAllByAltText": [Function],
  "queryAllByDisplayValue": [Function],
  "queryAllByLabelText": [Function],
  "queryAllByPlaceholderText": [Function],
  "queryAllByRole": [Function],
  "queryAllByTestId": [Function],
  "queryAllByText": [Function],
  "queryAllByTitle": [Function],
  "queryByAltText": [Function],
  "queryByDisplayValue": [Function],
  "queryByLabelText": [Function],
  "queryByPlaceholderText": [Function],
  "queryByRole": [Function],
  "queryByTestId": [Function],
  "queryByText": [Function],
  "queryByTitle": [Function],
  "rerender": [Function],
  "unmount": [Function],
}
`;
