// Jest Snapshot v1, https://goo.gl/fbAQLP

exports[`Shows all the text nodes on AddParticipantTeam.js that are contained on the making an event form asserts that the component renders properly 1`] = `
Object {
  "asFragment": [Function],
  "baseElement": <body>
    <div>
      <div>
        <div
          class="sc-caSCKo bhjPEW"
        >
          <a
            class="sc-TOsTZ kTZUxM"
            href="/"
          >
            <img
              alt="Hackton - Organise hackathons"
              class="sc-jhAzac ktJPwj"
              src="Hackton-logo.png"
            />
          </a>
          <div
            class="sc-cHGsZl fQyjuM"
          >
            <div
              class="sc-gisBJw dYkUDe"
            >
              <button
                class="sc-jDwBTQ jCbaIJ sc-kjoXOD dmrfxM"
                color="grey"
                data-testid="label"
              >
                Log Out
              </button>
            </div>
          </div>
        </div>
        <div
          class="sc-dVhcbM dJkUMh"
        >
          <div
            class="sc-bdVaJa iPqVLp sc-htpNat cSpvfp"
          >
            <div
              class="sc-kgAjT eagLfN"
            >
              <h3
                class="sc-chPdSV jQbecn"
              >
                Add Teammates
              </h3>
            </div>
            <div
              class="sc-ksYbfQ jpQrWi"
            >
              <div
                class="sc-frDJqD sc-kvZOFW gbAuwW"
              >
                <div
                  class="sc-ifAKCX kADRUv"
                  display="wide"
                >
                  <input
                    placeholder="Search by email"
                    type="text"
                    value=""
                  />
                  <button
                    class="sc-jDwBTQ jCbaIJ"
                    color="grey"
                  >
                    Back to dashboard
                  </button>
                </div>
              </div>
            </div>
          </div>
        </div>
        <div
          class="sc-iwsKbI hpFEep"
        >
          <p
            class="sc-jTzLTM iPDHvH"
          >
            International Crafters © 2020
          </p>
          <div>
            <a
              class="sc-gZMcBi sc-VigVT iPKVYu"
              href="#"
            >
              Privacy
            </a>
            <a
              class="sc-gZMcBi sc-VigVT iPKVYu"
              href="#"
            >
              Contacts
            </a>
          </div>
        </div>
      </div>
    </div>
  </body>,
  "container": <div>
    <div>
      <div
        class="sc-caSCKo bhjPEW"
      >
        <a
          class="sc-TOsTZ kTZUxM"
          href="/"
        >
          <img
            alt="Hackton - Organise hackathons"
            class="sc-jhAzac ktJPwj"
            src="Hackton-logo.png"
          />
        </a>
        <div
          class="sc-cHGsZl fQyjuM"
        >
          <div
            class="sc-gisBJw dYkUDe"
          >
            <button
              class="sc-jDwBTQ jCbaIJ sc-kjoXOD dmrfxM"
              color="grey"
              data-testid="label"
            >
              Log Out
            </button>
          </div>
        </div>
      </div>
      <div
        class="sc-dVhcbM dJkUMh"
      >
        <div
          class="sc-bdVaJa iPqVLp sc-htpNat cSpvfp"
        >
          <div
            class="sc-kgAjT eagLfN"
          >
            <h3
              class="sc-chPdSV jQbecn"
            >
              Add Teammates
            </h3>
          </div>
          <div
            class="sc-ksYbfQ jpQrWi"
          >
            <div
              class="sc-frDJqD sc-kvZOFW gbAuwW"
            >
              <div
                class="sc-ifAKCX kADRUv"
                display="wide"
              >
                <input
                  placeholder="Search by email"
                  type="text"
                  value=""
                />
                <button
                  class="sc-jDwBTQ jCbaIJ"
                  color="grey"
                >
                  Back to dashboard
                </button>
              </div>
            </div>
          </div>
        </div>
      </div>
      <div
        class="sc-iwsKbI hpFEep"
      >
        <p
          class="sc-jTzLTM iPDHvH"
        >
          International Crafters © 2020
        </p>
        <div>
          <a
            class="sc-gZMcBi sc-VigVT iPKVYu"
            href="#"
          >
            Privacy
          </a>
          <a
            class="sc-gZMcBi sc-VigVT iPKVYu"
            href="#"
          >
            Contacts
          </a>
        </div>
      </div>
    </div>
  </div>,
  "debug": [Function],
  "findAllByAltText": [Function],
  "findAllByDisplayValue": [Function],
  "findAllByLabelText": [Function],
  "findAllByPlaceholderText": [Function],
  "findAllByRole": [Function],
  "findAllByTestId": [Function],
  "findAllByText": [Function],
  "findAllByTitle": [Function],
  "findByAltText": [Function],
  "findByDisplayValue": [Function],
  "findByLabelText": [Function],
  "findByPlaceholderText": [Function],
  "findByRole": [Function],
  "findByTestId": [Function],
  "findByText": [Function],
  "findByTitle": [Function],
  "getAllByAltText": [Function],
  "getAllByDisplayValue": [Function],
  "getAllByLabelText": [Function],
  "getAllByPlaceholderText": [Function],
  "getAllByRole": [Function],
  "getAllByTestId": [Function],
  "getAllByText": [Function],
  "getAllByTitle": [Function],
  "getByAltText": [Function],
  "getByDisplayValue": [Function],
  "getByLabelText": [Function],
  "getByPlaceholderText": [Function],
  "getByRole": [Function],
  "getByTestId": [Function],
  "getByText": [Function],
  "getByTitle": [Function],
  "queryAllByAltText": [Function],
  "queryAllByDisplayValue": [Function],
  "queryAllByLabelText": [Function],
  "queryAllByPlaceholderText": [Function],
  "queryAllByRole": [Function],
  "queryAllByTestId": [Function],
  "queryAllByText": [Function],
  "queryAllByTitle": [Function],
  "queryByAltText": [Function],
  "queryByDisplayValue": [Function],
  "queryByLabelText": [Function],
  "queryByPlaceholderText": [Function],
  "queryByRole": [Function],
  "queryByTestId": [Function],
  "queryByText": [Function],
  "queryByTitle": [Function],
  "rerender": [Function],
  "unmount": [Function],
}
`;
