// Jest Snapshot v1, https://goo.gl/fbAQLP

exports[`Shows all the text nodes on AddTeammates.js that are contained on the making an event form asserts that the component renders properly 1`] = `
Object {
  "asFragment": [Function],
  "baseElement": <body>
    <div>
      <div>
        <div
          class="sc-iRbamj liaLaB"
        >
          <div
            class="sc-gipzik gYIzbI"
          >
            <a
              href="/dashboard"
            >
              <figure
                class="sc-bRBYWo czjYxr"
              />
            </a>
            <div
              class="sc-hXRMBi Vyllq"
            >
              <div
                class="sc-kjoXOD LrRDY"
              >
                <span>
                  <svg>
                    link-burger-icon.svg
                  </svg>
                  Menu
                </span>
                <ul>
                  <li>
                    <a
                      class="sc-cHGsZl bMwAHR"
                      href="/dashboard"
                    >
                      Dashboard
                    </a>
                  </li>
                  <li>
                    <a
                      class="sc-cHGsZl bMwAHR"
                      href="/dashboard/profile"
                    >
                      Profile
                    </a>
                  </li>
                </ul>
              </div>
              <img
                class="sc-hqyNC gZXmwY"
                src="user_icon.svg"
              />
            </div>
          </div>
        </div>
        <div
          class="sc-fMiknA gLARYc"
        >
          <div
            class="sc-gisBJw dVDYcw"
          >
            <a
              class="sc-cHGsZl bMwAHR"
              href="/dashboard"
            >
              <svg>
                link-dashboard-icon.svg
              </svg>
              Dashboard
            </a>
            <a
              class="sc-cHGsZl bMwAHR"
              href="/dashboard/profile"
            >
              <svg>
                link-profile-icon.svg
              </svg>
              Profile
            </a>
          </div>
          <div
            class="sc-eqIVtm hvmLNT sc-cIShpX dTlsAK"
          >
            <div
              class="sc-dNLxif imKLHn"
            >
              <h3
                class="sc-kGXeez lolzGQ"
              >
                Add Teammates
              </h3>
            </div>
            <div
              class="sc-uJMKN eujmAt"
            >
              <div
                class="sc-gGBfsJ sc-jnlKLf kvMLTu"
              >
                <div
                  class="sc-eXEjpC zsXnf"
                  display="wide"
                >
                  <input
                    placeholder="Search by email"
                    type="text"
                    value=""
                  />
                  <button
                    class="sc-kEYyzF kbIspq"
                    color="grey"
                  >
                    Back to dashboard
                  </button>
                </div>
              </div>
            </div>
          </div>
        </div>
        <div
          class="sc-bdVaJa bDiKvh"
        >
          <div
            class="sc-htpNat fAaFDY"
          >
            <div>
              <img
                alt="LinkedIn"
                class="sc-ifAKCX zCzIi"
                src="Icon-linkedin.png"
              />
              <img
                alt="Twitter"
                class="sc-ifAKCX zCzIi"
                src="Icon-twitter.png"
              />
              <img
                alt="Facebook"
                class="sc-ifAKCX zCzIi"
                src="Icon-facebook.png"
              />
            </div>
            <div>
              <a
                class="sc-gzVnrw sc-dnqmqq bGScqw"
                href="https://hackton.co/#team"
              >
                Team
              </a>
              <a
                class="sc-gzVnrw sc-dnqmqq bGScqw"
                href="#"
              >
                Privacy
              </a>
              <a
                class="sc-gzVnrw sc-dnqmqq bGScqw"
                href="#"
              >
                Contacts
              </a>
            </div>
            <div>
              <p
                class="sc-VigVT sc-jTzLTM gBKmld"
              >
                International Crafters © 2020
              </p>
            </div>
          </div>
        </div>
      </div>
    </div>
  </body>,
  "container": <div>
    <div>
      <div
        class="sc-iRbamj liaLaB"
      >
        <div
          class="sc-gipzik gYIzbI"
        >
          <a
            href="/dashboard"
          >
            <figure
              class="sc-bRBYWo czjYxr"
            />
          </a>
          <div
            class="sc-hXRMBi Vyllq"
          >
            <div
              class="sc-kjoXOD LrRDY"
            >
              <span>
                <svg>
                  link-burger-icon.svg
                </svg>
                Menu
              </span>
              <ul>
                <li>
                  <a
                    class="sc-cHGsZl bMwAHR"
                    href="/dashboard"
                  >
                    Dashboard
                  </a>
                </li>
                <li>
                  <a
                    class="sc-cHGsZl bMwAHR"
                    href="/dashboard/profile"
                  >
                    Profile
                  </a>
                </li>
              </ul>
            </div>
            <img
              class="sc-hqyNC gZXmwY"
              src="user_icon.svg"
            />
          </div>
        </div>
      </div>
      <div
        class="sc-fMiknA gLARYc"
      >
        <div
          class="sc-gisBJw dVDYcw"
        >
          <a
            class="sc-cHGsZl bMwAHR"
            href="/dashboard"
          >
            <svg>
              link-dashboard-icon.svg
            </svg>
            Dashboard
          </a>
          <a
            class="sc-cHGsZl bMwAHR"
            href="/dashboard/profile"
          >
            <svg>
              link-profile-icon.svg
            </svg>
            Profile
          </a>
        </div>
        <div
          class="sc-eqIVtm hvmLNT sc-cIShpX dTlsAK"
        >
          <div
            class="sc-dNLxif imKLHn"
          >
            <h3
              class="sc-kGXeez lolzGQ"
            >
              Add Teammates
            </h3>
          </div>
          <div
            class="sc-uJMKN eujmAt"
          >
            <div
              class="sc-gGBfsJ sc-jnlKLf kvMLTu"
            >
              <div
                class="sc-eXEjpC zsXnf"
                display="wide"
              >
                <input
                  placeholder="Search by email"
                  type="text"
                  value=""
                />
                <button
                  class="sc-kEYyzF kbIspq"
                  color="grey"
                >
                  Back to dashboard
                </button>
              </div>
            </div>
          </div>
        </div>
      </div>
      <div
        class="sc-bdVaJa bDiKvh"
      >
        <div
          class="sc-htpNat fAaFDY"
        >
          <div>
            <img
              alt="LinkedIn"
              class="sc-ifAKCX zCzIi"
              src="Icon-linkedin.png"
            />
            <img
              alt="Twitter"
              class="sc-ifAKCX zCzIi"
              src="Icon-twitter.png"
            />
            <img
              alt="Facebook"
              class="sc-ifAKCX zCzIi"
              src="Icon-facebook.png"
            />
          </div>
          <div>
            <a
              class="sc-gzVnrw sc-dnqmqq bGScqw"
              href="https://hackton.co/#team"
            >
              Team
            </a>
            <a
              class="sc-gzVnrw sc-dnqmqq bGScqw"
              href="#"
            >
              Privacy
            </a>
            <a
              class="sc-gzVnrw sc-dnqmqq bGScqw"
              href="#"
            >
              Contacts
            </a>
          </div>
          <div>
            <p
              class="sc-VigVT sc-jTzLTM gBKmld"
            >
              International Crafters © 2020
            </p>
          </div>
        </div>
      </div>
    </div>
  </div>,
  "debug": [Function],
  "findAllByAltText": [Function],
  "findAllByDisplayValue": [Function],
  "findAllByLabelText": [Function],
  "findAllByPlaceholderText": [Function],
  "findAllByRole": [Function],
  "findAllByTestId": [Function],
  "findAllByText": [Function],
  "findAllByTitle": [Function],
  "findByAltText": [Function],
  "findByDisplayValue": [Function],
  "findByLabelText": [Function],
  "findByPlaceholderText": [Function],
  "findByRole": [Function],
  "findByTestId": [Function],
  "findByText": [Function],
  "findByTitle": [Function],
  "getAllByAltText": [Function],
  "getAllByDisplayValue": [Function],
  "getAllByLabelText": [Function],
  "getAllByPlaceholderText": [Function],
  "getAllByRole": [Function],
  "getAllByTestId": [Function],
  "getAllByText": [Function],
  "getAllByTitle": [Function],
  "getByAltText": [Function],
  "getByDisplayValue": [Function],
  "getByLabelText": [Function],
  "getByPlaceholderText": [Function],
  "getByRole": [Function],
  "getByTestId": [Function],
  "getByText": [Function],
  "getByTitle": [Function],
  "queryAllByAltText": [Function],
  "queryAllByDisplayValue": [Function],
  "queryAllByLabelText": [Function],
  "queryAllByPlaceholderText": [Function],
  "queryAllByRole": [Function],
  "queryAllByTestId": [Function],
  "queryAllByText": [Function],
  "queryAllByTitle": [Function],
  "queryByAltText": [Function],
  "queryByDisplayValue": [Function],
  "queryByLabelText": [Function],
  "queryByPlaceholderText": [Function],
  "queryByRole": [Function],
  "queryByTestId": [Function],
  "queryByText": [Function],
  "queryByTitle": [Function],
  "rerender": [Function],
  "unmount": [Function],
}
`;
