// Jest Snapshot v1, https://goo.gl/fbAQLP

exports[`Component HackathonProjects.js renders properly asserts that the component renders properly 1`] = `
Object {
  "asFragment": [Function],
  "baseElement": <body>
    <div>
      <div>
        <div
          class="sc-eHgmQL bylZnf"
        >
          <div
            class="sc-jWBwVP bYNjAt"
          >
            <a
              href="/dashboard"
            >
              <img
                alt="Hackton - Organise hackathons"
                class="sc-cMljjf jVjzeq"
                src="Hackton-logo.png"
              />
            </a>
            <div
              class="sc-kPVwWT MVsVr"
            >
              <div
                class="sc-iRbamj jYiCzw"
              >
                <span>
                  <svg>
                    link-burger-icon.svg
                  </svg>
                  Menu
                </span>
                <ul>
                  <li>
                    <a
                      class="sc-jlyJG cigUwh"
                      href="/dashboard"
                    >
                      Dashboard
                    </a>
                  </li>
                  <li>
                    <a
                      class="sc-jlyJG cigUwh"
                      href="/dashboard/profile"
                    >
                      Profile
                    </a>
                  </li>
                </ul>
              </div>
              <div
                class="sc-fMiknA iCUXtn"
              >
                8
                <ul
                  class="sc-dVhcbM hRRZmt"
                >
                  <li>
                    <a
                      href="/dashboard/profile/edit"
                    >
                      Settings
                    </a>
                  </li>
                  <li>
                    <span>
                      LogOut
                    </span>
                  </li>
                </ul>
              </div>
            </div>
          </div>
        </div>
        <div
          class="sc-jtRfpW eEMFuT"
        >
          <div
            class="sc-gPEVay gwbcbn"
          >
            <a
              class="sc-jlyJG cigUwh"
              href="/dashboard"
            >
              <svg>
                link-dashboard-icon.svg
              </svg>
              Dashboard
            </a>
            <a
              class="sc-jlyJG cigUwh"
              href="/dashboard/profile"
            >
              <svg>
                link-profile-icon.svg
              </svg>
              Profile
            </a>
          </div>
          <div
            class="sc-bdVaJa cdzpxt sc-VigVT kLsUCd"
          >
            <div
              class="sc-gxMtzJ hscQJP"
            >
              <h3
                class="sc-jqCOkK jMeitG"
              >
                Submitted projects for 
                <strong
                  class="sc-jzJRlG irjRNl"
                >
                  "
                  EuroHack
                  "
                </strong>
              </h3>
            </div>
            <div
              class="sc-gzOgki fmasAF"
            >
              <div
                class="sc-htpNat sc-bxivhb sc-jTzLTM bLoYWy"
              >
                <div
                  class="sc-gZMcBi iOlOKS"
                  spacing="center"
                >
                  <div
                    aria-busy="true"
                    class=""
                  >
                    <svg
                      aria-label="audio-loading"
                      height="100"
                      stroke="#2559a1"
                      viewBox="0 0 44 44"
                      width="100"
                      xmlns="http://www.w3.org/2000/svg"
                    >
                      <g
                        fill="none"
                        fill-rule="evenodd"
                        stroke-width="2"
                      >
                        <circle
                          cx="22"
                          cy="22"
                          r="1"
                        >
                          <animate
                            attributeName="r"
                            begin="0s"
                            calcMode="spline"
                            dur="1.8s"
                            keySplines="0.165, 0.84, 0.44, 1"
                            keyTimes="0; 1"
                            repeatCount="indefinite"
                            values="1; 20"
                          />
                          <animate
                            attributeName="strokeOpacity"
                            begin="0s"
                            calcMode="spline"
                            dur="1.8s"
                            keySplines="0.3, 0.61, 0.355, 1"
                            keyTimes="0; 1"
                            repeatCount="indefinite"
                            values="1; 0"
                          />
                        </circle>
                        <circle
                          cx="22"
                          cy="22"
                          r="1"
                        >
                          <animate
                            attributeName="r"
                            begin="-0.9s"
                            calcMode="spline"
                            dur="1.8s"
                            keySplines="0.165, 0.84, 0.44, 1"
                            keyTimes="0; 1"
                            repeatCount="indefinite"
                            values="1; 20"
                          />
                          <animate
                            attributeName="strokeOpacity"
                            begin="-0.9s"
                            calcMode="spline"
                            dur="1.8s"
                            keySplines="0.3, 0.61, 0.355, 1"
                            keyTimes="0; 1"
                            repeatCount="indefinite"
                            values="1; 0"
                          />
                        </circle>
                      </g>
                    </svg>
                  </div>
                </div>
              </div>
            </div>
          </div>
        </div>
        <div
          class="sc-eqIVtm bOkwpW"
        >
          <div
            class="sc-caSCKo iHwPyD"
          >
            <div>
              <img
                alt="LinkedIn"
                class="sc-kjoXOD cykQaQ"
                src="Icon-linkedin.png"
              />
              <img
                alt="Twitter"
                class="sc-kjoXOD cykQaQ"
                src="Icon-twitter.png"
              />
              <img
                alt="Facebook"
                class="sc-kjoXOD cykQaQ"
                src="Icon-facebook.png"
              />
            </div>
            <div>
              <a
                class="sc-cHGsZl sc-kgAjT hVXAbA"
                href="https://hackton.co/#team"
              >
                Team
              </a>
              <a
                class="sc-cHGsZl sc-kgAjT hVXAbA"
                href="#"
              >
                Privacy
              </a>
              <a
                class="sc-cHGsZl sc-kgAjT hVXAbA"
                href="#"
              >
                Contacts
              </a>
            </div>
            <div>
              <p
                class="sc-htoDjs sc-dnqmqq xAsmd"
              >
                International Crafters Â© 2020
              </p>
            </div>
          </div>
        </div>
      </div>
    </div>
  </body>,
  "container": <div>
    <div>
      <div
        class="sc-eHgmQL bylZnf"
      >
        <div
          class="sc-jWBwVP bYNjAt"
        >
          <a
            href="/dashboard"
          >
            <img
              alt="Hackton - Organise hackathons"
              class="sc-cMljjf jVjzeq"
              src="Hackton-logo.png"
            />
          </a>
          <div
            class="sc-kPVwWT MVsVr"
          >
            <div
              class="sc-iRbamj jYiCzw"
            >
              <span>
                <svg>
                  link-burger-icon.svg
                </svg>
                Menu
              </span>
              <ul>
                <li>
                  <a
                    class="sc-jlyJG cigUwh"
                    href="/dashboard"
                  >
                    Dashboard
                  </a>
                </li>
                <li>
                  <a
                    class="sc-jlyJG cigUwh"
                    href="/dashboard/profile"
                  >
                    Profile
                  </a>
                </li>
              </ul>
            </div>
            <div
              class="sc-fMiknA iCUXtn"
            >
              8
              <ul
                class="sc-dVhcbM hRRZmt"
              >
                <li>
                  <a
                    href="/dashboard/profile/edit"
                  >
                    Settings
                  </a>
                </li>
                <li>
                  <span>
                    LogOut
                  </span>
                </li>
              </ul>
            </div>
          </div>
        </div>
      </div>
      <div
        class="sc-jtRfpW eEMFuT"
      >
        <div
          class="sc-gPEVay gwbcbn"
        >
          <a
            class="sc-jlyJG cigUwh"
            href="/dashboard"
          >
            <svg>
              link-dashboard-icon.svg
            </svg>
            Dashboard
          </a>
          <a
            class="sc-jlyJG cigUwh"
            href="/dashboard/profile"
          >
            <svg>
              link-profile-icon.svg
            </svg>
            Profile
          </a>
        </div>
        <div
          class="sc-bdVaJa cdzpxt sc-VigVT kLsUCd"
        >
          <div
            class="sc-gxMtzJ hscQJP"
          >
            <h3
              class="sc-jqCOkK jMeitG"
            >
              Submitted projects for 
              <strong
                class="sc-jzJRlG irjRNl"
              >
                "
                EuroHack
                "
              </strong>
            </h3>
          </div>
          <div
            class="sc-gzOgki fmasAF"
          >
            <div
              class="sc-htpNat sc-bxivhb sc-jTzLTM bLoYWy"
            >
              <div
                class="sc-gZMcBi iOlOKS"
                spacing="center"
              >
                <div
                  aria-busy="true"
                  class=""
                >
                  <svg
                    aria-label="audio-loading"
                    height="100"
                    stroke="#2559a1"
                    viewBox="0 0 44 44"
                    width="100"
                    xmlns="http://www.w3.org/2000/svg"
                  >
                    <g
                      fill="none"
                      fill-rule="evenodd"
                      stroke-width="2"
                    >
                      <circle
                        cx="22"
                        cy="22"
                        r="1"
                      >
                        <animate
                          attributeName="r"
                          begin="0s"
                          calcMode="spline"
                          dur="1.8s"
                          keySplines="0.165, 0.84, 0.44, 1"
                          keyTimes="0; 1"
                          repeatCount="indefinite"
                          values="1; 20"
                        />
                        <animate
                          attributeName="strokeOpacity"
                          begin="0s"
                          calcMode="spline"
                          dur="1.8s"
                          keySplines="0.3, 0.61, 0.355, 1"
                          keyTimes="0; 1"
                          repeatCount="indefinite"
                          values="1; 0"
                        />
                      </circle>
                      <circle
                        cx="22"
                        cy="22"
                        r="1"
                      >
                        <animate
                          attributeName="r"
                          begin="-0.9s"
                          calcMode="spline"
                          dur="1.8s"
                          keySplines="0.165, 0.84, 0.44, 1"
                          keyTimes="0; 1"
                          repeatCount="indefinite"
                          values="1; 20"
                        />
                        <animate
                          attributeName="strokeOpacity"
                          begin="-0.9s"
                          calcMode="spline"
                          dur="1.8s"
                          keySplines="0.3, 0.61, 0.355, 1"
                          keyTimes="0; 1"
                          repeatCount="indefinite"
                          values="1; 0"
                        />
                      </circle>
                    </g>
                  </svg>
                </div>
              </div>
            </div>
          </div>
        </div>
      </div>
      <div
        class="sc-eqIVtm bOkwpW"
      >
        <div
          class="sc-caSCKo iHwPyD"
        >
          <div>
            <img
              alt="LinkedIn"
              class="sc-kjoXOD cykQaQ"
              src="Icon-linkedin.png"
            />
            <img
              alt="Twitter"
              class="sc-kjoXOD cykQaQ"
              src="Icon-twitter.png"
            />
            <img
              alt="Facebook"
              class="sc-kjoXOD cykQaQ"
              src="Icon-facebook.png"
            />
          </div>
          <div>
            <a
              class="sc-cHGsZl sc-kgAjT hVXAbA"
              href="https://hackton.co/#team"
            >
              Team
            </a>
            <a
              class="sc-cHGsZl sc-kgAjT hVXAbA"
              href="#"
            >
              Privacy
            </a>
            <a
              class="sc-cHGsZl sc-kgAjT hVXAbA"
              href="#"
            >
              Contacts
            </a>
          </div>
          <div>
            <p
              class="sc-htoDjs sc-dnqmqq xAsmd"
            >
              International Crafters Â© 2020
            </p>
          </div>
        </div>
      </div>
    </div>
  </div>,
  "debug": [Function],
  "findAllByAltText": [Function],
  "findAllByDisplayValue": [Function],
  "findAllByLabelText": [Function],
  "findAllByPlaceholderText": [Function],
  "findAllByRole": [Function],
  "findAllByTestId": [Function],
  "findAllByText": [Function],
  "findAllByTitle": [Function],
  "findByAltText": [Function],
  "findByDisplayValue": [Function],
  "findByLabelText": [Function],
  "findByPlaceholderText": [Function],
  "findByRole": [Function],
  "findByTestId": [Function],
  "findByText": [Function],
  "findByTitle": [Function],
  "getAllByAltText": [Function],
  "getAllByDisplayValue": [Function],
  "getAllByLabelText": [Function],
  "getAllByPlaceholderText": [Function],
  "getAllByRole": [Function],
  "getAllByTestId": [Function],
  "getAllByText": [Function],
  "getAllByTitle": [Function],
  "getByAltText": [Function],
  "getByDisplayValue": [Function],
  "getByLabelText": [Function],
  "getByPlaceholderText": [Function],
  "getByRole": [Function],
  "getByTestId": [Function],
  "getByText": [Function],
  "getByTitle": [Function],
  "queryAllByAltText": [Function],
  "queryAllByDisplayValue": [Function],
  "queryAllByLabelText": [Function],
  "queryAllByPlaceholderText": [Function],
  "queryAllByRole": [Function],
  "queryAllByTestId": [Function],
  "queryAllByText": [Function],
  "queryAllByTitle": [Function],
  "queryByAltText": [Function],
  "queryByDisplayValue": [Function],
  "queryByLabelText": [Function],
  "queryByPlaceholderText": [Function],
  "queryByRole": [Function],
  "queryByTestId": [Function],
  "queryByText": [Function],
  "queryByTitle": [Function],
  "rerender": [Function],
  "unmount": [Function],
}
`;
