// Jest Snapshot v1, https://goo.gl/fbAQLP

exports[`Renders Without Crashing Renders Without Crashing. 1`] = `
Object {
  "asFragment": [Function],
  "baseElement": <body>
    <div>
      <div>
        <div
          class="sc-bdVaJa gOhKpA"
        >
          <div
            class="sc-htpNat dAVxPZ"
          >
            <a
              href="/dashboard"
            >
              <figure
                class="sc-EHOje evAtGa"
              >
                <p>
                  HackHunt
                </p>
              </figure>
            </a>
            <div
              class="sc-kafWEX cVkhK"
            >
              <div
                class="sc-EHOje kXozTT"
              >
                8
                <ul
                  class="sc-bZQynM fVGedF"
                >
                  <li>
                    <a
                      href="/dashboard/profile/edit"
                    >
                      Settings
                    </a>
                  </li>
                  <li>
                    <span>
                      LogOut
                    </span>
                  </li>
                </ul>
              </div>
            </div>
          </div>
        </div>
        <div
          class="sc-jhAzac jsMUOz"
        >
          <div
            class="sc-fMiknA heulbj sc-bbmXgH cMYzZi"
          >
            <div
              class="sc-gisBJw fdfqLi"
            >
              <h3
                class="sc-eNQAEJ faMTgL"
              >
                Edit Profile
              </h3>
            </div>
            <div
              class="sc-cHGsZl eIVmdX"
            >
              <div
                class="sc-kvZOFW sc-hqyNC sc-jnlKLf chWpoq"
              >
                <form
                  action="#"
                >
                  <label
                    class="sc-fAjcbJ sc-gGBfsJ fVseha"
                    for="image"
                  >
                    Profile picture
                  </label>
                  <figure
                    class="sc-frDJqD ycfaW"
                  >
                    <div>
                      <img
                        alt=""
                        src="profile-image.png"
                      />
                    </div>
                    <p />
                  </figure>
                  <div
                    class="sc-cHGsZl eIVmdX"
                  >
                    <label
                      class="sc-fAjcbJ bGOVdV"
                      for="fullname"
                    >
                      Full Name
                    </label>
                    <input
                      class="sc-eHgmQL cwnFTa"
                      display="wide"
                      name="fullname"
                      placeholder="Full Name"
                      type="text"
                      value=""
                    />
                  </div>
                  <div
                    class="sc-cHGsZl eIVmdX"
                  >
                    <label
                      class="sc-fAjcbJ bGOVdV"
                      for="image"
                    >
                      Profile Image
                    </label>
                    <input
                      accept="image/*"
                      class="sc-eHgmQL cwnFTa"
                      display="wide"
                      name="image_url"
                      placeholder="Profile picture"
                      type="file"
                      value=""
                    />
                  </div>
                  <div
                    class="sc-cHGsZl eIVmdX"
                  >
                    <div
                      class="sc-kgAjT fhOGzY"
                    >
                      <label
                        class="sc-fAjcbJ bGOVdV"
                        for="email"
                      >
                        Email
                      </label>
                      <input
                        class="sc-eHgmQL cwnFTa"
                        display="wide"
                        name="email"
                        placeholder="Email"
                        type="text"
                        value=""
                      />
                    </div>
                    <div
                      class="sc-kgAjT fhOGzY"
                    >
                      <label
                        class="sc-fAjcbJ bGOVdV"
                        for="username"
                      >
                        Username
                      </label>
                      <input
                        class="sc-eHgmQL cwnFTa"
                        display="wide"
                        name="username"
                        placeholder="Username"
                        type="text"
                        value=""
                      />
                    </div>
                  </div>
                  <div
                    class="sc-cHGsZl eIVmdX"
                  >
                    <label
                      class="sc-fAjcbJ bGOVdV"
                      for="bio"
                    >
                      Bio
                    </label>
                    <div
                      class="sc-ksYbfQ colGcy"
                    >
                      <textarea
                        name="bio"
                        placeholder="bio"
                      />
                    </div>
                  </div>
                  <div
                    class="sc-cHGsZl sc-fYxtnH jmsDoI"
                  >
                    <a
                      href="/dashboard"
                    >
                      <button
                        class="sc-cvbbAY ebepNj"
                        color="grey"
                        to="/dashboard"
                      >
                        Cancel
                      </button>
                    </a>
                    <button
                      class="sc-cvbbAY hdTOaT sc-tilXH jSiPSU"
                      color="green"
                      type="submit"
                    >
                      Save Changes
                    </button>
                  </div>
                </form>
              </div>
            </div>
          </div>
        </div>
        <div
          class="sc-gzVnrw bRGEaa"
        >
          <div
            class="sc-dnqmqq dBtDWt"
          >
            <div>
              <img
                alt="LinkedIn"
                class="sc-gZMcBi fKNoMs"
                src="Icon-linkedin.png"
              />
              <img
                alt="Twitter"
                class="sc-gZMcBi fKNoMs"
                src="Icon-twitter.png"
              />
              <img
                alt="Facebook"
                class="sc-gZMcBi fKNoMs"
                src="Icon-facebook.png"
              />
            </div>
            <div>
              <a
                class="sc-gqjmRU sc-jTzLTM fddzAd"
                href="https://hackton.co/#team"
              >
                Team
              </a>
              <a
                class="sc-gqjmRU sc-jTzLTM fddzAd"
                href="#"
              >
                Privacy
              </a>
              <a
                class="sc-gqjmRU sc-jTzLTM fddzAd"
                href="#"
              >
                Contacts
              </a>
            </div>
            <div>
              <p
                class="sc-kAzzGY sc-chPdSV gAkGJE"
              >
                International Crafters Â© 2020
              </p>
            </div>
          </div>
        </div>
      </div>
    </div>
  </body>,
  "container": <div>
    <div>
      <div
        class="sc-bdVaJa gOhKpA"
      >
        <div
          class="sc-htpNat dAVxPZ"
        >
          <a
            href="/dashboard"
          >
            <figure
              class="sc-EHOje evAtGa"
            >
              <p>
                HackHunt
              </p>
            </figure>
          </a>
          <div
            class="sc-kafWEX cVkhK"
          >
            <div
              class="sc-EHOje kXozTT"
            >
              8
              <ul
                class="sc-bZQynM fVGedF"
              >
                <li>
                  <a
                    href="/dashboard/profile/edit"
                  >
                    Settings
                  </a>
                </li>
                <li>
                  <span>
                    LogOut
                  </span>
                </li>
              </ul>
            </div>
          </div>
        </div>
      </div>
      <div
        class="sc-jhAzac jsMUOz"
      >
        <div
          class="sc-fMiknA heulbj sc-bbmXgH cMYzZi"
        >
          <div
            class="sc-gisBJw fdfqLi"
          >
            <h3
              class="sc-eNQAEJ faMTgL"
            >
              Edit Profile
            </h3>
          </div>
          <div
            class="sc-cHGsZl eIVmdX"
          >
            <div
              class="sc-kvZOFW sc-hqyNC sc-jnlKLf chWpoq"
            >
              <form
                action="#"
              >
                <label
                  class="sc-fAjcbJ sc-gGBfsJ fVseha"
                  for="image"
                >
                  Profile picture
                </label>
                <figure
                  class="sc-frDJqD ycfaW"
                >
                  <div>
                    <img
                      alt=""
                      src="profile-image.png"
                    />
                  </div>
                  <p />
                </figure>
                <div
                  class="sc-cHGsZl eIVmdX"
                >
                  <label
                    class="sc-fAjcbJ bGOVdV"
                    for="fullname"
                  >
                    Full Name
                  </label>
                  <input
                    class="sc-eHgmQL cwnFTa"
                    display="wide"
                    name="fullname"
                    placeholder="Full Name"
                    type="text"
                    value=""
                  />
                </div>
                <div
                  class="sc-cHGsZl eIVmdX"
                >
                  <label
                    class="sc-fAjcbJ bGOVdV"
                    for="image"
                  >
                    Profile Image
                  </label>
                  <input
                    accept="image/*"
                    class="sc-eHgmQL cwnFTa"
                    display="wide"
                    name="image_url"
                    placeholder="Profile picture"
                    type="file"
                    value=""
                  />
                </div>
                <div
                  class="sc-cHGsZl eIVmdX"
                >
                  <div
                    class="sc-kgAjT fhOGzY"
                  >
                    <label
                      class="sc-fAjcbJ bGOVdV"
                      for="email"
                    >
                      Email
                    </label>
                    <input
                      class="sc-eHgmQL cwnFTa"
                      display="wide"
                      name="email"
                      placeholder="Email"
                      type="text"
                      value=""
                    />
                  </div>
                  <div
                    class="sc-kgAjT fhOGzY"
                  >
                    <label
                      class="sc-fAjcbJ bGOVdV"
                      for="username"
                    >
                      Username
                    </label>
                    <input
                      class="sc-eHgmQL cwnFTa"
                      display="wide"
                      name="username"
                      placeholder="Username"
                      type="text"
                      value=""
                    />
                  </div>
                </div>
                <div
                  class="sc-cHGsZl eIVmdX"
                >
                  <label
                    class="sc-fAjcbJ bGOVdV"
                    for="bio"
                  >
                    Bio
                  </label>
                  <div
                    class="sc-ksYbfQ colGcy"
                  >
                    <textarea
                      name="bio"
                      placeholder="bio"
                    />
                  </div>
                </div>
                <div
                  class="sc-cHGsZl sc-fYxtnH jmsDoI"
                >
                  <a
                    href="/dashboard"
                  >
                    <button
                      class="sc-cvbbAY ebepNj"
                      color="grey"
                      to="/dashboard"
                    >
                      Cancel
                    </button>
                  </a>
                  <button
                    class="sc-cvbbAY hdTOaT sc-tilXH jSiPSU"
                    color="green"
                    type="submit"
                  >
                    Save Changes
                  </button>
                </div>
              </form>
            </div>
          </div>
        </div>
      </div>
      <div
        class="sc-gzVnrw bRGEaa"
      >
        <div
          class="sc-dnqmqq dBtDWt"
        >
          <div>
            <img
              alt="LinkedIn"
              class="sc-gZMcBi fKNoMs"
              src="Icon-linkedin.png"
            />
            <img
              alt="Twitter"
              class="sc-gZMcBi fKNoMs"
              src="Icon-twitter.png"
            />
            <img
              alt="Facebook"
              class="sc-gZMcBi fKNoMs"
              src="Icon-facebook.png"
            />
          </div>
          <div>
            <a
              class="sc-gqjmRU sc-jTzLTM fddzAd"
              href="https://hackton.co/#team"
            >
              Team
            </a>
            <a
              class="sc-gqjmRU sc-jTzLTM fddzAd"
              href="#"
            >
              Privacy
            </a>
            <a
              class="sc-gqjmRU sc-jTzLTM fddzAd"
              href="#"
            >
              Contacts
            </a>
          </div>
          <div>
            <p
              class="sc-kAzzGY sc-chPdSV gAkGJE"
            >
              International Crafters Â© 2020
            </p>
          </div>
        </div>
      </div>
    </div>
  </div>,
  "debug": [Function],
  "findAllByAltText": [Function],
  "findAllByDisplayValue": [Function],
  "findAllByLabelText": [Function],
  "findAllByPlaceholderText": [Function],
  "findAllByRole": [Function],
  "findAllByTestId": [Function],
  "findAllByText": [Function],
  "findAllByTitle": [Function],
  "findByAltText": [Function],
  "findByDisplayValue": [Function],
  "findByLabelText": [Function],
  "findByPlaceholderText": [Function],
  "findByRole": [Function],
  "findByTestId": [Function],
  "findByText": [Function],
  "findByTitle": [Function],
  "getAllByAltText": [Function],
  "getAllByDisplayValue": [Function],
  "getAllByLabelText": [Function],
  "getAllByPlaceholderText": [Function],
  "getAllByRole": [Function],
  "getAllByTestId": [Function],
  "getAllByText": [Function],
  "getAllByTitle": [Function],
  "getByAltText": [Function],
  "getByDisplayValue": [Function],
  "getByLabelText": [Function],
  "getByPlaceholderText": [Function],
  "getByRole": [Function],
  "getByTestId": [Function],
  "getByText": [Function],
  "getByTitle": [Function],
  "queryAllByAltText": [Function],
  "queryAllByDisplayValue": [Function],
  "queryAllByLabelText": [Function],
  "queryAllByPlaceholderText": [Function],
  "queryAllByRole": [Function],
  "queryAllByTestId": [Function],
  "queryAllByText": [Function],
  "queryAllByTitle": [Function],
  "queryByAltText": [Function],
  "queryByDisplayValue": [Function],
  "queryByLabelText": [Function],
  "queryByPlaceholderText": [Function],
  "queryByRole": [Function],
  "queryByTestId": [Function],
  "queryByText": [Function],
  "queryByTitle": [Function],
  "rerender": [Function],
  "unmount": [Function],
}
`;
