// Jest Snapshot v1, https://goo.gl/fbAQLP

exports[`Component UserProfile.js text nodes renders properly asserts that the component renders properly 1`] = `
Object {
  "asFragment": [Function],
  "baseElement": <body>
    <div>
      <div>
        <div
          class="sc-bdVaJa dErNmg"
        >
          <a
            class="sc-htoDjs jssEWI"
            href="/"
          >
            <img
              alt="Hackton - Organise hackathons"
              class="sc-bwzfXH fWCffE"
              src="Hackton-logo.png"
            />
          </a>
          <div
            class="sc-gzVnrw itepUc"
          >
            <div
              class="sc-EHOje bOqsil"
            >
              <button
                class="sc-htpNat maCfY sc-bZQynM ignRaC"
                color="grey"
                data-testid="label"
              >
                Log Out
              </button>
            </div>
          </div>
        </div>
        <div
          class="sc-bRBYWo efOACs"
        >
          <div
            class="sc-hzDkRC csxNDz sc-hEsumM gguRbo"
          >
            <div
              class="sc-fMiknA fZGKtL"
            >
              <h3
                class="sc-kAzzGY eOJFvg"
              >
                Your Profile
              </h3>
            </div>
            <div
              class="sc-kjoXOD sc-cHGsZl sc-ktHwxA eEUaxl"
            >
              <div
                class="sc-cIShpX gMSzSu"
              >
                <div
                  class="sc-iELTvK bSyfeV"
                >
                  <img
                    class="sc-feJyhm iCGigM"
                    src="profile-image.png"
                  />
                  <a
                    class="sc-ifAKCX dJBYdO sc-lhVmIH kVnYHQ"
                    color="green"
                    to="/dashboard/profile/edit"
                  >
                    Edit profile
                  </a>
                </div>
                <div
                  class="sc-caSCKo dZGQkd"
                >
                  <h2
                    class="sc-cSHVUG gUjuEA"
                    style="margin-bottom: 0px;"
                  />
                  <p
                    class="sc-ckVGcZ knXWAI"
                    style="color: gray;"
                  >
                    @
                  </p>
                </div>
                <div
                  class="sc-btzYZH jQEaJB"
                >
                  <p
                    class="sc-ckVGcZ knXWAI"
                  />
                </div>
                <div
                  class="sc-btzYZH jQEaJB"
                >
                  <div
                    class="sc-jwKygS dTTNdG"
                  />
                  <p
                    class="sc-ckVGcZ knXWAI"
                    style="color: blue; margin-left: 3px;"
                  />
                </div>
              </div>
              <div
                class="sc-kafWEX hSFtmy"
              >
                <div
                  class="sc-fMiknA fZGKtL"
                >
                  <h3
                    class="sc-kAzzGY eOJFvg"
                  >
                    Hackathon(s) you registered for
                  </h3>
                </div>
                <div
                  class="sc-fAjcbJ fvzHro"
                  spacing="center"
                >
                  <div
                    aria-busy="true"
                    class=""
                  >
                    <svg
                      aria-label="audio-loading"
                      height="100"
                      stroke="#2559a1"
                      viewBox="0 0 44 44"
                      width="100"
                      xmlns="http://www.w3.org/2000/svg"
                    >
                      <g
                        fill="none"
                        fill-rule="evenodd"
                        stroke-width="2"
                      >
                        <circle
                          cx="22"
                          cy="22"
                          r="1"
                        >
                          <animate
                            attributeName="r"
                            begin="0s"
                            calcMode="spline"
                            dur="1.8s"
                            keySplines="0.165, 0.84, 0.44, 1"
                            keyTimes="0; 1"
                            repeatCount="indefinite"
                            values="1; 20"
                          />
                          <animate
                            attributeName="strokeOpacity"
                            begin="0s"
                            calcMode="spline"
                            dur="1.8s"
                            keySplines="0.3, 0.61, 0.355, 1"
                            keyTimes="0; 1"
                            repeatCount="indefinite"
                            values="1; 0"
                          />
                        </circle>
                        <circle
                          cx="22"
                          cy="22"
                          r="1"
                        >
                          <animate
                            attributeName="r"
                            begin="-0.9s"
                            calcMode="spline"
                            dur="1.8s"
                            keySplines="0.165, 0.84, 0.44, 1"
                            keyTimes="0; 1"
                            repeatCount="indefinite"
                            values="1; 20"
                          />
                          <animate
                            attributeName="strokeOpacity"
                            begin="-0.9s"
                            calcMode="spline"
                            dur="1.8s"
                            keySplines="0.3, 0.61, 0.355, 1"
                            keyTimes="0; 1"
                            repeatCount="indefinite"
                            values="1; 0"
                          />
                        </circle>
                      </g>
                    </svg>
                  </div>
                </div>
              </div>
            </div>
          </div>
        </div>
        <div
          class="sc-dnqmqq gkSNdn"
        >
          <p
            class="sc-VigVT kZDxgA"
          >
            International Crafters Â© 2020
          </p>
          <div>
            <a
              class="sc-iwsKbI sc-gqjmRU kqKCDB"
              href="#"
            >
              Privacy
            </a>
            <a
              class="sc-iwsKbI sc-gqjmRU kqKCDB"
              href="#"
            >
              Contacts
            </a>
          </div>
        </div>
      </div>
    </div>
  </body>,
  "container": <div>
    <div>
      <div
        class="sc-bdVaJa dErNmg"
      >
        <a
          class="sc-htoDjs jssEWI"
          href="/"
        >
          <img
            alt="Hackton - Organise hackathons"
            class="sc-bwzfXH fWCffE"
            src="Hackton-logo.png"
          />
        </a>
        <div
          class="sc-gzVnrw itepUc"
        >
          <div
            class="sc-EHOje bOqsil"
          >
            <button
              class="sc-htpNat maCfY sc-bZQynM ignRaC"
              color="grey"
              data-testid="label"
            >
              Log Out
            </button>
          </div>
        </div>
      </div>
      <div
        class="sc-bRBYWo efOACs"
      >
        <div
          class="sc-hzDkRC csxNDz sc-hEsumM gguRbo"
        >
          <div
            class="sc-fMiknA fZGKtL"
          >
            <h3
              class="sc-kAzzGY eOJFvg"
            >
              Your Profile
            </h3>
          </div>
          <div
            class="sc-kjoXOD sc-cHGsZl sc-ktHwxA eEUaxl"
          >
            <div
              class="sc-cIShpX gMSzSu"
            >
              <div
                class="sc-iELTvK bSyfeV"
              >
                <img
                  class="sc-feJyhm iCGigM"
                  src="profile-image.png"
                />
                <a
                  class="sc-ifAKCX dJBYdO sc-lhVmIH kVnYHQ"
                  color="green"
                  to="/dashboard/profile/edit"
                >
                  Edit profile
                </a>
              </div>
              <div
                class="sc-caSCKo dZGQkd"
              >
                <h2
                  class="sc-cSHVUG gUjuEA"
                  style="margin-bottom: 0px;"
                />
                <p
                  class="sc-ckVGcZ knXWAI"
                  style="color: gray;"
                >
                  @
                </p>
              </div>
              <div
                class="sc-btzYZH jQEaJB"
              >
                <p
                  class="sc-ckVGcZ knXWAI"
                />
              </div>
              <div
                class="sc-btzYZH jQEaJB"
              >
                <div
                  class="sc-jwKygS dTTNdG"
                />
                <p
                  class="sc-ckVGcZ knXWAI"
                  style="color: blue; margin-left: 3px;"
                />
              </div>
            </div>
            <div
              class="sc-kafWEX hSFtmy"
            >
              <div
                class="sc-fMiknA fZGKtL"
              >
                <h3
                  class="sc-kAzzGY eOJFvg"
                >
                  Hackathon(s) you registered for
                </h3>
              </div>
              <div
                class="sc-fAjcbJ fvzHro"
                spacing="center"
              >
                <div
                  aria-busy="true"
                  class=""
                >
                  <svg
                    aria-label="audio-loading"
                    height="100"
                    stroke="#2559a1"
                    viewBox="0 0 44 44"
                    width="100"
                    xmlns="http://www.w3.org/2000/svg"
                  >
                    <g
                      fill="none"
                      fill-rule="evenodd"
                      stroke-width="2"
                    >
                      <circle
                        cx="22"
                        cy="22"
                        r="1"
                      >
                        <animate
                          attributeName="r"
                          begin="0s"
                          calcMode="spline"
                          dur="1.8s"
                          keySplines="0.165, 0.84, 0.44, 1"
                          keyTimes="0; 1"
                          repeatCount="indefinite"
                          values="1; 20"
                        />
                        <animate
                          attributeName="strokeOpacity"
                          begin="0s"
                          calcMode="spline"
                          dur="1.8s"
                          keySplines="0.3, 0.61, 0.355, 1"
                          keyTimes="0; 1"
                          repeatCount="indefinite"
                          values="1; 0"
                        />
                      </circle>
                      <circle
                        cx="22"
                        cy="22"
                        r="1"
                      >
                        <animate
                          attributeName="r"
                          begin="-0.9s"
                          calcMode="spline"
                          dur="1.8s"
                          keySplines="0.165, 0.84, 0.44, 1"
                          keyTimes="0; 1"
                          repeatCount="indefinite"
                          values="1; 20"
                        />
                        <animate
                          attributeName="strokeOpacity"
                          begin="-0.9s"
                          calcMode="spline"
                          dur="1.8s"
                          keySplines="0.3, 0.61, 0.355, 1"
                          keyTimes="0; 1"
                          repeatCount="indefinite"
                          values="1; 0"
                        />
                      </circle>
                    </g>
                  </svg>
                </div>
              </div>
            </div>
          </div>
        </div>
      </div>
      <div
        class="sc-dnqmqq gkSNdn"
      >
        <p
          class="sc-VigVT kZDxgA"
        >
          International Crafters Â© 2020
        </p>
        <div>
          <a
            class="sc-iwsKbI sc-gqjmRU kqKCDB"
            href="#"
          >
            Privacy
          </a>
          <a
            class="sc-iwsKbI sc-gqjmRU kqKCDB"
            href="#"
          >
            Contacts
          </a>
        </div>
      </div>
    </div>
  </div>,
  "debug": [Function],
  "findAllByAltText": [Function],
  "findAllByDisplayValue": [Function],
  "findAllByLabelText": [Function],
  "findAllByPlaceholderText": [Function],
  "findAllByRole": [Function],
  "findAllByTestId": [Function],
  "findAllByText": [Function],
  "findAllByTitle": [Function],
  "findByAltText": [Function],
  "findByDisplayValue": [Function],
  "findByLabelText": [Function],
  "findByPlaceholderText": [Function],
  "findByRole": [Function],
  "findByTestId": [Function],
  "findByText": [Function],
  "findByTitle": [Function],
  "getAllByAltText": [Function],
  "getAllByDisplayValue": [Function],
  "getAllByLabelText": [Function],
  "getAllByPlaceholderText": [Function],
  "getAllByRole": [Function],
  "getAllByTestId": [Function],
  "getAllByText": [Function],
  "getAllByTitle": [Function],
  "getByAltText": [Function],
  "getByDisplayValue": [Function],
  "getByLabelText": [Function],
  "getByPlaceholderText": [Function],
  "getByRole": [Function],
  "getByTestId": [Function],
  "getByText": [Function],
  "getByTitle": [Function],
  "queryAllByAltText": [Function],
  "queryAllByDisplayValue": [Function],
  "queryAllByLabelText": [Function],
  "queryAllByPlaceholderText": [Function],
  "queryAllByRole": [Function],
  "queryAllByTestId": [Function],
  "queryAllByText": [Function],
  "queryAllByTitle": [Function],
  "queryByAltText": [Function],
  "queryByDisplayValue": [Function],
  "queryByLabelText": [Function],
  "queryByPlaceholderText": [Function],
  "queryByRole": [Function],
  "queryByTestId": [Function],
  "queryByText": [Function],
  "queryByTitle": [Function],
  "rerender": [Function],
  "unmount": [Function],
}
`;
