// Jest Snapshot v1, https://goo.gl/fbAQLP

exports[`Component participantinvitewidget renders the text correctly renders without crashing  1`] = `
Object {
  "asFragment": [Function],
  "baseElement": <body>
    <div>
      <div
        class="sc-gzVnrw jJOFkB"
      >
        <div
          class="sc-bxivhb GFwqS"
          direction="column-reverse"
        >
          <h6>
            This user is not on this platform. click send to invite
             
            <span
              style="color: rgb(39, 63, 146); background-color: aliceblue;"
            />
             
            to join your team
          </h6>
        </div>
        <div
          class="sc-bxivhb gBMiwD"
        >
          <button
            class="sc-bdVaJa gFEKGJ"
            color="green"
          >
            Send Invite
          </button>
        </div>
      </div>
      <div
        class="sc-gzVnrw jJOFkB"
      >
        <div
          class="sc-bxivhb GFwqS"
          direction="column-reverse"
        >
          <label
            class="sc-kGXeez eriyDj"
          >
            organizer
            <input
              name="role"
              type="radio"
            />
            <span />
          </label>
          <label
            class="sc-kGXeez eriyDj"
          >
            judge
            <input
              name="role"
              type="radio"
            />
            <span />
          </label>
        </div>
        <div
          class="sc-bxivhb gBMiwD"
        >
          <button
            class="sc-bdVaJa fcBjIo"
            color="grey"
          >
            Back to dashboard
          </button>
          <button
            class="sc-bdVaJa gFEKGJ"
            color="green"
          >
            Add teammate
          </button>
        </div>
      </div>
    </div>
  </body>,
  "container": <div>
    <div
      class="sc-gzVnrw jJOFkB"
    >
      <div
        class="sc-bxivhb GFwqS"
        direction="column-reverse"
      >
        <h6>
          This user is not on this platform. click send to invite
           
          <span
            style="color: rgb(39, 63, 146); background-color: aliceblue;"
          />
           
          to join your team
        </h6>
      </div>
      <div
        class="sc-bxivhb gBMiwD"
      >
        <button
          class="sc-bdVaJa gFEKGJ"
          color="green"
        >
          Send Invite
        </button>
      </div>
    </div>
    <div
      class="sc-gzVnrw jJOFkB"
    >
      <div
        class="sc-bxivhb GFwqS"
        direction="column-reverse"
      >
        <label
          class="sc-kGXeez eriyDj"
        >
          organizer
          <input
            name="role"
            type="radio"
          />
          <span />
        </label>
        <label
          class="sc-kGXeez eriyDj"
        >
          judge
          <input
            name="role"
            type="radio"
          />
          <span />
        </label>
      </div>
      <div
        class="sc-bxivhb gBMiwD"
      >
        <button
          class="sc-bdVaJa fcBjIo"
          color="grey"
        >
          Back to dashboard
        </button>
        <button
          class="sc-bdVaJa gFEKGJ"
          color="green"
        >
          Add teammate
        </button>
      </div>
    </div>
  </div>,
  "debug": [Function],
  "findAllByAltText": [Function],
  "findAllByDisplayValue": [Function],
  "findAllByLabelText": [Function],
  "findAllByPlaceholderText": [Function],
  "findAllByRole": [Function],
  "findAllByTestId": [Function],
  "findAllByText": [Function],
  "findAllByTitle": [Function],
  "findByAltText": [Function],
  "findByDisplayValue": [Function],
  "findByLabelText": [Function],
  "findByPlaceholderText": [Function],
  "findByRole": [Function],
  "findByTestId": [Function],
  "findByText": [Function],
  "findByTitle": [Function],
  "getAllByAltText": [Function],
  "getAllByDisplayValue": [Function],
  "getAllByLabelText": [Function],
  "getAllByPlaceholderText": [Function],
  "getAllByRole": [Function],
  "getAllByTestId": [Function],
  "getAllByText": [Function],
  "getAllByTitle": [Function],
  "getByAltText": [Function],
  "getByDisplayValue": [Function],
  "getByLabelText": [Function],
  "getByPlaceholderText": [Function],
  "getByRole": [Function],
  "getByTestId": [Function],
  "getByText": [Function],
  "getByTitle": [Function],
  "queryAllByAltText": [Function],
  "queryAllByDisplayValue": [Function],
  "queryAllByLabelText": [Function],
  "queryAllByPlaceholderText": [Function],
  "queryAllByRole": [Function],
  "queryAllByTestId": [Function],
  "queryAllByText": [Function],
  "queryAllByTitle": [Function],
  "queryByAltText": [Function],
  "queryByDisplayValue": [Function],
  "queryByLabelText": [Function],
  "queryByPlaceholderText": [Function],
  "queryByRole": [Function],
  "queryByTestId": [Function],
  "queryByText": [Function],
  "queryByTitle": [Function],
  "rerender": [Function],
  "unmount": [Function],
}
`;
