// Jest Snapshot v1, https://goo.gl/fbAQLP

exports[`It should render dashboard page correctly renders the Dashboard component correctly 1`] = `
Object {
  "asFragment": [Function],
  "baseElement": <body>
    <div>
      <div>
        <div
          class="sc-bRBYWo bcWmiv"
        >
          <a
            class="sc-fMiknA dyzJBJ"
            href="/"
          >
            <img
              alt="Hackton - Organise hackathons"
              class="sc-jAaTju cZyUBe"
              src="Hackton-logo.png"
            />
          </a>
          <div
            class="sc-fBuWsC bPfjiF"
          >
            <div
              class="sc-hzDkRC itWopO"
            >
              <button
                class="sc-kEYyzF kbIspq sc-jhAzac itwdWK"
                color="grey"
                data-testid="label"
              >
                Log Out
              </button>
            </div>
          </div>
        </div>
        <div
          class="sc-iRbamj dyFMRm"
        >
          <div
            class="sc-jlyJG doWxFB sc-tilXH dZfDvR"
          >
            <div
              class="sc-bbmXgH crvuTG"
            >
              <h3
                class="sc-dnqmqq igidRh"
              >
                My hackathons
              </h3>
              <a
                href="/dashboard/new"
              >
                <button
                  class="sc-kEYyzF guLDtQ"
                  color="green"
                >
                  Create New
                </button>
              </a>
            </div>
            <div
              class="sc-jnlKLf jUEjEN"
              spacing="start"
            >
              <div
                class="sc-fAjcbJ cIAFYq"
              >
                <div
                  class="sc-dNLxif jbVVEK"
                >
                  <figure
                    class="sc-caSCKo dNANQe"
                  >
                    <img
                      alt="EuroHack"
                      src="event-img.jpg"
                    />
                  </figure>
                  <div
                    class="sc-cHGsZl YcHI"
                  >
                    <p
                      class="sc-cSHVUG sc-kgAjT jmNfKB"
                    >
                      Oct
                       
                      09
                       - 
                      Aug
                       
                      07
                      , 
                      2011
                    </p>
                    <h4
                      class="sc-jTzLTM iASFQm"
                    >
                      EuroHack
                    </h4>
                    <p
                      class="sc-cSHVUG sc-cJSrbW cTDtcZ"
                    >
                      Europe
                    </p>
                    <p
                      class="sc-cSHVUG fksUjT"
                    >
                      the best event hack hack hack macbook...
                    </p>
                    <div
                      class="sc-ksYbfQ ERwBz"
                    >
                      09/10/2011
                    </div>
                    <div
                      class="sc-TOsTZ jEmjRy"
                    >
                      <a
                        class="sc-kkGfuU jxuySM"
                        color="primary-reverse"
                        href="//event/1"
                      >
                        More Info
                      </a>
                      <a
                        class="sc-kkGfuU carJok"
                        color="primary"
                        href="/"
                      >
                        Join Event
                      </a>
                    </div>
                  </div>
                  <svg
                    aria-hidden="true"
                    class="svg-inline--fa fa-bookmark fa-w-12 sc-eqIVtm kKNrJl sc-hmzhuo iLRdnU"
                    data-icon="bookmark"
                    data-prefix="fas"
                    focusable="false"
                    role="img"
                    viewBox="0 0 384 512"
                    xmlns="http://www.w3.org/2000/svg"
                  >
                    <path
                      d="M0 512V48C0 21.49 21.49 0 48 0h288c26.51 0 48 21.49 48 48v464L192 400 0 512z"
                      fill="currentColor"
                    />
                  </svg>
                  <svg
                    aria-hidden="true"
                    class="svg-inline--fa fa-star fa-w-18 sc-eqIVtm kKNrJl sc-frDJqD jwdodj"
                    data-icon="star"
                    data-prefix="fas"
                    focusable="false"
                    role="img"
                    viewBox="0 0 576 512"
                    xmlns="http://www.w3.org/2000/svg"
                  >
                    <path
                      d="M259.3 17.8L194 150.2 47.9 171.5c-26.2 3.8-36.7 36.1-17.7 54.6l105.7 103-25 145.5c-4.5 26.3 23.2 46 46.4 33.7L288 439.6l130.7 68.7c23.2 12.2 50.9-7.4 46.4-33.7l-25-145.5 105.7-103c19-18.5 8.5-50.8-17.7-54.6L382 150.2 316.7 17.8c-11.7-23.6-45.6-23.9-57.4 0z"
                      fill="currentColor"
                    />
                  </svg>
                </div>
              </div>
              <div
                class="sc-fAjcbJ cIAFYq"
              >
                <div
                  class="sc-dNLxif jbVVEK"
                >
                  <figure
                    class="sc-caSCKo dNANQe"
                  >
                    <img
                      alt="World"
                      src="event-img.jpg"
                    />
                  </figure>
                  <div
                    class="sc-cHGsZl YcHI"
                  >
                    <p
                      class="sc-cSHVUG sc-kgAjT jmNfKB"
                    >
                      Jul
                       
                      09
                       - 
                      Aug
                       
                      07
                      , 
                      2011
                    </p>
                    <h4
                      class="sc-jTzLTM iASFQm"
                    >
                      World
                    </h4>
                    <p
                      class="sc-cSHVUG sc-cJSrbW cTDtcZ"
                    >
                      Asia
                    </p>
                    <p
                      class="sc-cSHVUG fksUjT"
                    >
                      number one hacker event in the world...
                    </p>
                    <div
                      class="sc-ksYbfQ ERwBz"
                    >
                      09/07/2011
                    </div>
                    <div
                      class="sc-TOsTZ jEmjRy"
                    >
                      <a
                        class="sc-kkGfuU jxuySM"
                        color="primary-reverse"
                        href="//event/2"
                      >
                        More Info
                      </a>
                      <a
                        class="sc-kkGfuU carJok"
                        color="primary"
                        href="/"
                      >
                        Join Event
                      </a>
                    </div>
                  </div>
                  <svg
                    aria-hidden="true"
                    class="svg-inline--fa fa-bookmark fa-w-12 sc-eqIVtm kKNrJl sc-hmzhuo iLRdnU"
                    data-icon="bookmark"
                    data-prefix="fas"
                    focusable="false"
                    role="img"
                    viewBox="0 0 384 512"
                    xmlns="http://www.w3.org/2000/svg"
                  >
                    <path
                      d="M0 512V48C0 21.49 21.49 0 48 0h288c26.51 0 48 21.49 48 48v464L192 400 0 512z"
                      fill="currentColor"
                    />
                  </svg>
                  <svg
                    aria-hidden="true"
                    class="svg-inline--fa fa-star fa-w-18 sc-eqIVtm kKNrJl sc-frDJqD jwdodj"
                    data-icon="star"
                    data-prefix="fas"
                    focusable="false"
                    role="img"
                    viewBox="0 0 576 512"
                    xmlns="http://www.w3.org/2000/svg"
                  >
                    <path
                      d="M259.3 17.8L194 150.2 47.9 171.5c-26.2 3.8-36.7 36.1-17.7 54.6l105.7 103-25 145.5c-4.5 26.3 23.2 46 46.4 33.7L288 439.6l130.7 68.7c23.2 12.2 50.9-7.4 46.4-33.7l-25-145.5 105.7-103c19-18.5 8.5-50.8-17.7-54.6L382 150.2 316.7 17.8c-11.7-23.6-45.6-23.9-57.4 0z"
                      fill="currentColor"
                    />
                  </svg>
                </div>
              </div>
            </div>
            <div
              class="sc-bbmXgH crvuTG"
            >
              <h3
                class="sc-dnqmqq igidRh"
              >
                Global hackathons
              </h3>
            </div>
            <div
              class="sc-jnlKLf jUEjEN"
              spacing="start"
            />
          </div>
        </div>
        <div
          class="sc-bdVaJa jTDGAn"
        >
          <p
            class="sc-ifAKCX cvXEhe"
          >
            International Crafters Â© 2020
          </p>
          <div>
            <a
              class="sc-bwzfXH sc-bxivhb dvlUsV"
              href="#"
            >
              Privacy
            </a>
            <a
              class="sc-bwzfXH sc-bxivhb dvlUsV"
              href="#"
            >
              Contacts
            </a>
          </div>
        </div>
      </div>
    </div>
  </body>,
  "container": <div>
    <div>
      <div
        class="sc-bRBYWo bcWmiv"
      >
        <a
          class="sc-fMiknA dyzJBJ"
          href="/"
        >
          <img
            alt="Hackton - Organise hackathons"
            class="sc-jAaTju cZyUBe"
            src="Hackton-logo.png"
          />
        </a>
        <div
          class="sc-fBuWsC bPfjiF"
        >
          <div
            class="sc-hzDkRC itWopO"
          >
            <button
              class="sc-kEYyzF kbIspq sc-jhAzac itwdWK"
              color="grey"
              data-testid="label"
            >
              Log Out
            </button>
          </div>
        </div>
      </div>
      <div
        class="sc-iRbamj dyFMRm"
      >
        <div
          class="sc-jlyJG doWxFB sc-tilXH dZfDvR"
        >
          <div
            class="sc-bbmXgH crvuTG"
          >
            <h3
              class="sc-dnqmqq igidRh"
            >
              My hackathons
            </h3>
            <a
              href="/dashboard/new"
            >
              <button
                class="sc-kEYyzF guLDtQ"
                color="green"
              >
                Create New
              </button>
            </a>
          </div>
          <div
            class="sc-jnlKLf jUEjEN"
            spacing="start"
          >
            <div
              class="sc-fAjcbJ cIAFYq"
            >
              <div
                class="sc-dNLxif jbVVEK"
              >
                <figure
                  class="sc-caSCKo dNANQe"
                >
                  <img
                    alt="EuroHack"
                    src="event-img.jpg"
                  />
                </figure>
                <div
                  class="sc-cHGsZl YcHI"
                >
                  <p
                    class="sc-cSHVUG sc-kgAjT jmNfKB"
                  >
                    Oct
                     
                    09
                     - 
                    Aug
                     
                    07
                    , 
                    2011
                  </p>
                  <h4
                    class="sc-jTzLTM iASFQm"
                  >
                    EuroHack
                  </h4>
                  <p
                    class="sc-cSHVUG sc-cJSrbW cTDtcZ"
                  >
                    Europe
                  </p>
                  <p
                    class="sc-cSHVUG fksUjT"
                  >
                    the best event hack hack hack macbook...
                  </p>
                  <div
                    class="sc-ksYbfQ ERwBz"
                  >
                    09/10/2011
                  </div>
                  <div
                    class="sc-TOsTZ jEmjRy"
                  >
                    <a
                      class="sc-kkGfuU jxuySM"
                      color="primary-reverse"
                      href="//event/1"
                    >
                      More Info
                    </a>
                    <a
                      class="sc-kkGfuU carJok"
                      color="primary"
                      href="/"
                    >
                      Join Event
                    </a>
                  </div>
                </div>
                <svg
                  aria-hidden="true"
                  class="svg-inline--fa fa-bookmark fa-w-12 sc-eqIVtm kKNrJl sc-hmzhuo iLRdnU"
                  data-icon="bookmark"
                  data-prefix="fas"
                  focusable="false"
                  role="img"
                  viewBox="0 0 384 512"
                  xmlns="http://www.w3.org/2000/svg"
                >
                  <path
                    d="M0 512V48C0 21.49 21.49 0 48 0h288c26.51 0 48 21.49 48 48v464L192 400 0 512z"
                    fill="currentColor"
                  />
                </svg>
                <svg
                  aria-hidden="true"
                  class="svg-inline--fa fa-star fa-w-18 sc-eqIVtm kKNrJl sc-frDJqD jwdodj"
                  data-icon="star"
                  data-prefix="fas"
                  focusable="false"
                  role="img"
                  viewBox="0 0 576 512"
                  xmlns="http://www.w3.org/2000/svg"
                >
                  <path
                    d="M259.3 17.8L194 150.2 47.9 171.5c-26.2 3.8-36.7 36.1-17.7 54.6l105.7 103-25 145.5c-4.5 26.3 23.2 46 46.4 33.7L288 439.6l130.7 68.7c23.2 12.2 50.9-7.4 46.4-33.7l-25-145.5 105.7-103c19-18.5 8.5-50.8-17.7-54.6L382 150.2 316.7 17.8c-11.7-23.6-45.6-23.9-57.4 0z"
                    fill="currentColor"
                  />
                </svg>
              </div>
            </div>
            <div
              class="sc-fAjcbJ cIAFYq"
            >
              <div
                class="sc-dNLxif jbVVEK"
              >
                <figure
                  class="sc-caSCKo dNANQe"
                >
                  <img
                    alt="World"
                    src="event-img.jpg"
                  />
                </figure>
                <div
                  class="sc-cHGsZl YcHI"
                >
                  <p
                    class="sc-cSHVUG sc-kgAjT jmNfKB"
                  >
                    Jul
                     
                    09
                     - 
                    Aug
                     
                    07
                    , 
                    2011
                  </p>
                  <h4
                    class="sc-jTzLTM iASFQm"
                  >
                    World
                  </h4>
                  <p
                    class="sc-cSHVUG sc-cJSrbW cTDtcZ"
                  >
                    Asia
                  </p>
                  <p
                    class="sc-cSHVUG fksUjT"
                  >
                    number one hacker event in the world...
                  </p>
                  <div
                    class="sc-ksYbfQ ERwBz"
                  >
                    09/07/2011
                  </div>
                  <div
                    class="sc-TOsTZ jEmjRy"
                  >
                    <a
                      class="sc-kkGfuU jxuySM"
                      color="primary-reverse"
                      href="//event/2"
                    >
                      More Info
                    </a>
                    <a
                      class="sc-kkGfuU carJok"
                      color="primary"
                      href="/"
                    >
                      Join Event
                    </a>
                  </div>
                </div>
                <svg
                  aria-hidden="true"
                  class="svg-inline--fa fa-bookmark fa-w-12 sc-eqIVtm kKNrJl sc-hmzhuo iLRdnU"
                  data-icon="bookmark"
                  data-prefix="fas"
                  focusable="false"
                  role="img"
                  viewBox="0 0 384 512"
                  xmlns="http://www.w3.org/2000/svg"
                >
                  <path
                    d="M0 512V48C0 21.49 21.49 0 48 0h288c26.51 0 48 21.49 48 48v464L192 400 0 512z"
                    fill="currentColor"
                  />
                </svg>
                <svg
                  aria-hidden="true"
                  class="svg-inline--fa fa-star fa-w-18 sc-eqIVtm kKNrJl sc-frDJqD jwdodj"
                  data-icon="star"
                  data-prefix="fas"
                  focusable="false"
                  role="img"
                  viewBox="0 0 576 512"
                  xmlns="http://www.w3.org/2000/svg"
                >
                  <path
                    d="M259.3 17.8L194 150.2 47.9 171.5c-26.2 3.8-36.7 36.1-17.7 54.6l105.7 103-25 145.5c-4.5 26.3 23.2 46 46.4 33.7L288 439.6l130.7 68.7c23.2 12.2 50.9-7.4 46.4-33.7l-25-145.5 105.7-103c19-18.5 8.5-50.8-17.7-54.6L382 150.2 316.7 17.8c-11.7-23.6-45.6-23.9-57.4 0z"
                    fill="currentColor"
                  />
                </svg>
              </div>
            </div>
          </div>
          <div
            class="sc-bbmXgH crvuTG"
          >
            <h3
              class="sc-dnqmqq igidRh"
            >
              Global hackathons
            </h3>
          </div>
          <div
            class="sc-jnlKLf jUEjEN"
            spacing="start"
          />
        </div>
      </div>
      <div
        class="sc-bdVaJa jTDGAn"
      >
        <p
          class="sc-ifAKCX cvXEhe"
        >
          International Crafters Â© 2020
        </p>
        <div>
          <a
            class="sc-bwzfXH sc-bxivhb dvlUsV"
            href="#"
          >
            Privacy
          </a>
          <a
            class="sc-bwzfXH sc-bxivhb dvlUsV"
            href="#"
          >
            Contacts
          </a>
        </div>
      </div>
    </div>
  </div>,
  "debug": [Function],
  "findAllByAltText": [Function],
  "findAllByDisplayValue": [Function],
  "findAllByLabelText": [Function],
  "findAllByPlaceholderText": [Function],
  "findAllByRole": [Function],
  "findAllByTestId": [Function],
  "findAllByText": [Function],
  "findAllByTitle": [Function],
  "findByAltText": [Function],
  "findByDisplayValue": [Function],
  "findByLabelText": [Function],
  "findByPlaceholderText": [Function],
  "findByRole": [Function],
  "findByTestId": [Function],
  "findByText": [Function],
  "findByTitle": [Function],
  "getAllByAltText": [Function],
  "getAllByDisplayValue": [Function],
  "getAllByLabelText": [Function],
  "getAllByPlaceholderText": [Function],
  "getAllByRole": [Function],
  "getAllByTestId": [Function],
  "getAllByText": [Function],
  "getAllByTitle": [Function],
  "getByAltText": [Function],
  "getByDisplayValue": [Function],
  "getByLabelText": [Function],
  "getByPlaceholderText": [Function],
  "getByRole": [Function],
  "getByTestId": [Function],
  "getByText": [Function],
  "getByTitle": [Function],
  "queryAllByAltText": [Function],
  "queryAllByDisplayValue": [Function],
  "queryAllByLabelText": [Function],
  "queryAllByPlaceholderText": [Function],
  "queryAllByRole": [Function],
  "queryAllByTestId": [Function],
  "queryAllByText": [Function],
  "queryAllByTitle": [Function],
  "queryByAltText": [Function],
  "queryByDisplayValue": [Function],
  "queryByLabelText": [Function],
  "queryByPlaceholderText": [Function],
  "queryByRole": [Function],
  "queryByTestId": [Function],
  "queryByText": [Function],
  "queryByTitle": [Function],
  "rerender": [Function],
  "unmount": [Function],
}
`;
