// Jest Snapshot v1, https://goo.gl/fbAQLP

exports[`Component HackathonSinglePage.js renders properly asserts that the component renders properly 1`] = `
Object {
  "asFragment": [Function],
  "baseElement": <body>
    <div>
      <div
        class="sc-jTzLTM hJYDuO"
      >
        <div
          class="sc-jDwBTQ cOrSs"
          spacing="center"
        >
          <div
            aria-busy="true"
            class=""
          >
            <svg
              aria-label="audio-loading"
              fill="#2559a1"
              height="10"
              viewBox="0 0 120 30"
              width="100"
              xmlns="http://www.w3.org/2000/svg"
            >
              <circle
                cx="15"
                cy="15"
                r="15"
              >
                <animate
                  attributeName="r"
                  begin="0s"
                  calcMode="linear"
                  dur="0.8s"
                  from="15"
                  repeatCount="indefinite"
                  to="15"
                  values="15;9;15"
                />
                <animate
                  attributeName="fillOpacity"
                  begin="0s"
                  calcMode="linear"
                  dur="0.8s"
                  from="1"
                  repeatCount="indefinite"
                  to="1"
                  values="1;.5;1"
                />
              </circle>
              <circle
                attributeName="fillOpacity"
                cx="60"
                cy="15"
                from="1"
                r="9"
                to="0.3"
              >
                <animate
                  attributeName="r"
                  begin="0s"
                  calcMode="linear"
                  dur="0.8s"
                  from="9"
                  repeatCount="indefinite"
                  to="9"
                  values="9;15;9"
                />
                <animate
                  attributeName="fillOpacity"
                  begin="0s"
                  calcMode="linear"
                  dur="0.8s"
                  from="0.5"
                  repeatCount="indefinite"
                  to="0.5"
                  values=".5;1;.5"
                />
              </circle>
              <circle
                cx="105"
                cy="15"
                r="15"
              >
                <animate
                  attributeName="r"
                  begin="0s"
                  calcMode="linear"
                  dur="0.8s"
                  from="15"
                  repeatCount="indefinite"
                  to="15"
                  values="15;9;15"
                />
                <animate
                  attributeName="fillOpacity"
                  begin="0s"
                  calcMode="linear"
                  dur="0.8s"
                  from="1"
                  repeatCount="indefinite"
                  to="1"
                  values="1;.5;1"
                />
              </circle>
            </svg>
          </div>
        </div>
        <p
          class="sc-eHgmQL ixMvGl"
          color="primary"
        >
          <svg
            aria-hidden="true"
            class="svg-inline--fa fa-times fa-w-11 sc-cvbbAY bykvnN"
            data-icon="times"
            data-prefix="fas"
            focusable="false"
            role="img"
            viewBox="0 0 352 512"
            xmlns="http://www.w3.org/2000/svg"
          >
            <path
              d="M242.72 256l100.07-100.07c12.28-12.28 12.28-32.19 0-44.48l-22.24-22.24c-12.28-12.28-32.19-12.28-44.48 0L176 189.28 75.93 89.21c-12.28-12.28-32.19-12.28-44.48 0L9.21 111.45c-12.28 12.28-12.28 32.19 0 44.48L109.28 256 9.21 356.07c-12.28 12.28-12.28 32.19 0 44.48l22.24 22.24c12.28 12.28 32.2 12.28 44.48 0L176 322.72l100.07 100.07c12.28 12.28 32.2 12.28 44.48 0l22.24-22.24c12.28-12.28 12.28-32.19 0-44.48L242.72 256z"
              fill="currentColor"
            />
          </svg>
        </p>
      </div>
    </div>
  </body>,
  "container": <div>
    <div
      class="sc-jTzLTM hJYDuO"
    >
      <div
        class="sc-jDwBTQ cOrSs"
        spacing="center"
      >
        <div
          aria-busy="true"
          class=""
        >
          <svg
            aria-label="audio-loading"
            fill="#2559a1"
            height="10"
            viewBox="0 0 120 30"
            width="100"
            xmlns="http://www.w3.org/2000/svg"
          >
            <circle
              cx="15"
              cy="15"
              r="15"
            >
              <animate
                attributeName="r"
                begin="0s"
                calcMode="linear"
                dur="0.8s"
                from="15"
                repeatCount="indefinite"
                to="15"
                values="15;9;15"
              />
              <animate
                attributeName="fillOpacity"
                begin="0s"
                calcMode="linear"
                dur="0.8s"
                from="1"
                repeatCount="indefinite"
                to="1"
                values="1;.5;1"
              />
            </circle>
            <circle
              attributeName="fillOpacity"
              cx="60"
              cy="15"
              from="1"
              r="9"
              to="0.3"
            >
              <animate
                attributeName="r"
                begin="0s"
                calcMode="linear"
                dur="0.8s"
                from="9"
                repeatCount="indefinite"
                to="9"
                values="9;15;9"
              />
              <animate
                attributeName="fillOpacity"
                begin="0s"
                calcMode="linear"
                dur="0.8s"
                from="0.5"
                repeatCount="indefinite"
                to="0.5"
                values=".5;1;.5"
              />
            </circle>
            <circle
              cx="105"
              cy="15"
              r="15"
            >
              <animate
                attributeName="r"
                begin="0s"
                calcMode="linear"
                dur="0.8s"
                from="15"
                repeatCount="indefinite"
                to="15"
                values="15;9;15"
              />
              <animate
                attributeName="fillOpacity"
                begin="0s"
                calcMode="linear"
                dur="0.8s"
                from="1"
                repeatCount="indefinite"
                to="1"
                values="1;.5;1"
              />
            </circle>
          </svg>
        </div>
      </div>
      <p
        class="sc-eHgmQL ixMvGl"
        color="primary"
      >
        <svg
          aria-hidden="true"
          class="svg-inline--fa fa-times fa-w-11 sc-cvbbAY bykvnN"
          data-icon="times"
          data-prefix="fas"
          focusable="false"
          role="img"
          viewBox="0 0 352 512"
          xmlns="http://www.w3.org/2000/svg"
        >
          <path
            d="M242.72 256l100.07-100.07c12.28-12.28 12.28-32.19 0-44.48l-22.24-22.24c-12.28-12.28-32.19-12.28-44.48 0L176 189.28 75.93 89.21c-12.28-12.28-32.19-12.28-44.48 0L9.21 111.45c-12.28 12.28-12.28 32.19 0 44.48L109.28 256 9.21 356.07c-12.28 12.28-12.28 32.19 0 44.48l22.24 22.24c12.28 12.28 32.2 12.28 44.48 0L176 322.72l100.07 100.07c12.28 12.28 32.2 12.28 44.48 0l22.24-22.24c12.28-12.28 12.28-32.19 0-44.48L242.72 256z"
            fill="currentColor"
          />
        </svg>
      </p>
    </div>
  </div>,
  "debug": [Function],
  "findAllByAltText": [Function],
  "findAllByDisplayValue": [Function],
  "findAllByLabelText": [Function],
  "findAllByPlaceholderText": [Function],
  "findAllByRole": [Function],
  "findAllByTestId": [Function],
  "findAllByText": [Function],
  "findAllByTitle": [Function],
  "findByAltText": [Function],
  "findByDisplayValue": [Function],
  "findByLabelText": [Function],
  "findByPlaceholderText": [Function],
  "findByRole": [Function],
  "findByTestId": [Function],
  "findByText": [Function],
  "findByTitle": [Function],
  "getAllByAltText": [Function],
  "getAllByDisplayValue": [Function],
  "getAllByLabelText": [Function],
  "getAllByPlaceholderText": [Function],
  "getAllByRole": [Function],
  "getAllByTestId": [Function],
  "getAllByText": [Function],
  "getAllByTitle": [Function],
  "getByAltText": [Function],
  "getByDisplayValue": [Function],
  "getByLabelText": [Function],
  "getByPlaceholderText": [Function],
  "getByRole": [Function],
  "getByTestId": [Function],
  "getByText": [Function],
  "getByTitle": [Function],
  "queryAllByAltText": [Function],
  "queryAllByDisplayValue": [Function],
  "queryAllByLabelText": [Function],
  "queryAllByPlaceholderText": [Function],
  "queryAllByRole": [Function],
  "queryAllByTestId": [Function],
  "queryAllByText": [Function],
  "queryAllByTitle": [Function],
  "queryByAltText": [Function],
  "queryByDisplayValue": [Function],
  "queryByLabelText": [Function],
  "queryByPlaceholderText": [Function],
  "queryByRole": [Function],
  "queryByTestId": [Function],
  "queryByText": [Function],
  "queryByTitle": [Function],
  "rerender": [Function],
  "unmount": [Function],
}
`;
