// Jest Snapshot v1, https://goo.gl/fbAQLP

exports[`Component HackathonProjectsPage.js renders properly asserts that the component renders properly 1`] = `
Object {
  "asFragment": [Function],
  "baseElement": <body>
    <div>
      <div
        class="sc-EHOje jvGfAl"
      >
        <div
          class="sc-bwzfXH sc-htpNat sc-bZQynM ezhGmn"
        >
          <div
            class="sc-kgoBCf hKxdHY"
          >
            <h3
              class="sc-kAzzGY ebzwZA"
            >
              Submitted projects for 
              <strong
                class="sc-gqjmRU cXIDrc"
              >
                "
                World
                "
              </strong>
            </h3>
          </div>
          <div
            class="sc-bdVaJa byFpTY"
            spacing="center"
          >
            <div
              aria-busy="true"
              class=""
            >
              <svg
                aria-label="audio-loading"
                fill="#2559a1"
                height="100"
                viewBox="0 0 120 30"
                width="100"
                xmlns="http://www.w3.org/2000/svg"
              >
                <circle
                  cx="15"
                  cy="15"
                  r="15"
                >
                  <animate
                    attributeName="r"
                    begin="0s"
                    calcMode="linear"
                    dur="0.8s"
                    from="15"
                    repeatCount="indefinite"
                    to="15"
                    values="15;9;15"
                  />
                  <animate
                    attributeName="fillOpacity"
                    begin="0s"
                    calcMode="linear"
                    dur="0.8s"
                    from="1"
                    repeatCount="indefinite"
                    to="1"
                    values="1;.5;1"
                  />
                </circle>
                <circle
                  attributeName="fillOpacity"
                  cx="60"
                  cy="15"
                  from="1"
                  r="9"
                  to="0.3"
                >
                  <animate
                    attributeName="r"
                    begin="0s"
                    calcMode="linear"
                    dur="0.8s"
                    from="9"
                    repeatCount="indefinite"
                    to="9"
                    values="9;15;9"
                  />
                  <animate
                    attributeName="fillOpacity"
                    begin="0s"
                    calcMode="linear"
                    dur="0.8s"
                    from="0.5"
                    repeatCount="indefinite"
                    to="0.5"
                    values=".5;1;.5"
                  />
                </circle>
                <circle
                  cx="105"
                  cy="15"
                  r="15"
                >
                  <animate
                    attributeName="r"
                    begin="0s"
                    calcMode="linear"
                    dur="0.8s"
                    from="15"
                    repeatCount="indefinite"
                    to="15"
                    values="15;9;15"
                  />
                  <animate
                    attributeName="fillOpacity"
                    begin="0s"
                    calcMode="linear"
                    dur="0.8s"
                    from="1"
                    repeatCount="indefinite"
                    to="1"
                    values="1;.5;1"
                  />
                </circle>
              </svg>
            </div>
          </div>
        </div>
      </div>
    </div>
  </body>,
  "container": <div>
    <div
      class="sc-EHOje jvGfAl"
    >
      <div
        class="sc-bwzfXH sc-htpNat sc-bZQynM ezhGmn"
      >
        <div
          class="sc-kgoBCf hKxdHY"
        >
          <h3
            class="sc-kAzzGY ebzwZA"
          >
            Submitted projects for 
            <strong
              class="sc-gqjmRU cXIDrc"
            >
              "
              World
              "
            </strong>
          </h3>
        </div>
        <div
          class="sc-bdVaJa byFpTY"
          spacing="center"
        >
          <div
            aria-busy="true"
            class=""
          >
            <svg
              aria-label="audio-loading"
              fill="#2559a1"
              height="100"
              viewBox="0 0 120 30"
              width="100"
              xmlns="http://www.w3.org/2000/svg"
            >
              <circle
                cx="15"
                cy="15"
                r="15"
              >
                <animate
                  attributeName="r"
                  begin="0s"
                  calcMode="linear"
                  dur="0.8s"
                  from="15"
                  repeatCount="indefinite"
                  to="15"
                  values="15;9;15"
                />
                <animate
                  attributeName="fillOpacity"
                  begin="0s"
                  calcMode="linear"
                  dur="0.8s"
                  from="1"
                  repeatCount="indefinite"
                  to="1"
                  values="1;.5;1"
                />
              </circle>
              <circle
                attributeName="fillOpacity"
                cx="60"
                cy="15"
                from="1"
                r="9"
                to="0.3"
              >
                <animate
                  attributeName="r"
                  begin="0s"
                  calcMode="linear"
                  dur="0.8s"
                  from="9"
                  repeatCount="indefinite"
                  to="9"
                  values="9;15;9"
                />
                <animate
                  attributeName="fillOpacity"
                  begin="0s"
                  calcMode="linear"
                  dur="0.8s"
                  from="0.5"
                  repeatCount="indefinite"
                  to="0.5"
                  values=".5;1;.5"
                />
              </circle>
              <circle
                cx="105"
                cy="15"
                r="15"
              >
                <animate
                  attributeName="r"
                  begin="0s"
                  calcMode="linear"
                  dur="0.8s"
                  from="15"
                  repeatCount="indefinite"
                  to="15"
                  values="15;9;15"
                />
                <animate
                  attributeName="fillOpacity"
                  begin="0s"
                  calcMode="linear"
                  dur="0.8s"
                  from="1"
                  repeatCount="indefinite"
                  to="1"
                  values="1;.5;1"
                />
              </circle>
            </svg>
          </div>
        </div>
      </div>
    </div>
  </div>,
  "debug": [Function],
  "findAllByAltText": [Function],
  "findAllByDisplayValue": [Function],
  "findAllByLabelText": [Function],
  "findAllByPlaceholderText": [Function],
  "findAllByRole": [Function],
  "findAllByTestId": [Function],
  "findAllByText": [Function],
  "findAllByTitle": [Function],
  "findByAltText": [Function],
  "findByDisplayValue": [Function],
  "findByLabelText": [Function],
  "findByPlaceholderText": [Function],
  "findByRole": [Function],
  "findByTestId": [Function],
  "findByText": [Function],
  "findByTitle": [Function],
  "getAllByAltText": [Function],
  "getAllByDisplayValue": [Function],
  "getAllByLabelText": [Function],
  "getAllByPlaceholderText": [Function],
  "getAllByRole": [Function],
  "getAllByTestId": [Function],
  "getAllByText": [Function],
  "getAllByTitle": [Function],
  "getByAltText": [Function],
  "getByDisplayValue": [Function],
  "getByLabelText": [Function],
  "getByPlaceholderText": [Function],
  "getByRole": [Function],
  "getByTestId": [Function],
  "getByText": [Function],
  "getByTitle": [Function],
  "queryAllByAltText": [Function],
  "queryAllByDisplayValue": [Function],
  "queryAllByLabelText": [Function],
  "queryAllByPlaceholderText": [Function],
  "queryAllByRole": [Function],
  "queryAllByTestId": [Function],
  "queryAllByText": [Function],
  "queryAllByTitle": [Function],
  "queryByAltText": [Function],
  "queryByDisplayValue": [Function],
  "queryByLabelText": [Function],
  "queryByPlaceholderText": [Function],
  "queryByRole": [Function],
  "queryByTestId": [Function],
  "queryByText": [Function],
  "queryByTitle": [Function],
  "rerender": [Function],
  "unmount": [Function],
}
`;
