// Jest Snapshot v1, https://goo.gl/fbAQLP

exports[`Component HackathonFormPage.js renders properly asserts that the component renders properly 1`] = `
Object {
  "asFragment": [Function],
  "baseElement": <body>
    <div>
      <div
        class="sc-dnqmqq kueQMu"
      >
        <div
          class="sc-gzVnrw sc-htoDjs eFnBQO"
        >
          <h3
            class="sc-EHOje sc-VigVT cSGDLg"
          >
            Create New Hackathon
          </h3>
          <p
            class="sc-jzJRlG jJZkgl"
            color="primary"
          >
            <svg
              aria-hidden="true"
              class="svg-inline--fa fa-times fa-w-11 sc-kAzzGY dnwlsD"
              data-icon="times"
              data-prefix="fas"
              focusable="false"
              role="img"
              viewBox="0 0 352 512"
              xmlns="http://www.w3.org/2000/svg"
            >
              <path
                d="M242.72 256l100.07-100.07c12.28-12.28 12.28-32.19 0-44.48l-22.24-22.24c-12.28-12.28-32.19-12.28-44.48 0L176 189.28 75.93 89.21c-12.28-12.28-32.19-12.28-44.48 0L9.21 111.45c-12.28 12.28-12.28 32.19 0 44.48L109.28 256 9.21 356.07c-12.28 12.28-12.28 32.19 0 44.48l22.24 22.24c12.28 12.28 32.2 12.28 44.48 0L176 322.72l100.07 100.07c12.28 12.28 32.2 12.28 44.48 0l22.24-22.24c12.28-12.28 12.28-32.19 0-44.48L242.72 256z"
                fill="currentColor"
              />
            </svg>
          </p>
        </div>
        <form
          action="#"
          class="sc-iwsKbI dsCYug"
        >
          <div
            class="sc-gZMcBi YuTYM"
          >
            <div
              class="sc-jTzLTM bxzhAG"
            >
              <label
                class="sc-cSHVUG zmqIo"
                for="event_title"
              >
                Hackathon Title
              </label>
              <input
                class="sc-chPdSV iulMjd"
                display="wide"
                id="event_title"
                name="event_title"
                type="text"
                value=""
              />
              <span
                class="sc-hMqMXs sc-hSdWYo lfRhmD"
              />
            </div>
            <div
              class="sc-jTzLTM bxzhAG"
            >
              <label
                class="sc-cSHVUG zmqIo"
                for="event_description"
              >
                Description
              </label>
              <div
                class="sc-ckVGcZ bkFhs"
              >
                <textarea
                  id="event_description"
                  name="event_description"
                  type="text"
                />
              </div>
              <span
                class="sc-hMqMXs sc-hSdWYo lfRhmD"
              />
            </div>
            <div
              class="sc-jTzLTM bxzhAG"
            >
              <div
                class="sc-fjdhpX gpYlNN"
              >
                <label
                  class="sc-cSHVUG zmqIo"
                  for="start_date"
                >
                  Event Starts
                </label>
                <input
                  class="sc-chPdSV hhxnWJ"
                  id="start_date"
                  min="2020-03-20"
                  name="start_date"
                  placeholder="Event starts"
                  type="date"
                  value="2020-03-20"
                />
                <span
                  class="sc-hMqMXs sc-hSdWYo lfRhmD"
                />
              </div>
              <div
                class="sc-fjdhpX gpYlNN"
              >
                <label
                  class="sc-cSHVUG zmqIo"
                  for="end_date"
                >
                  Event Ends
                </label>
                <input
                  class="sc-chPdSV hhxnWJ"
                  id="end_date"
                  min=""
                  name="end_date"
                  placeholder="Event ends"
                  type="date"
                  value="2020-03-20"
                />
                <span
                  class="sc-hMqMXs sc-hSdWYo lfRhmD"
                />
              </div>
            </div>
            <div
              class="sc-jTzLTM bxzhAG"
              id="grading_rubrics"
            >
              <label
                class="sc-cSHVUG zmqIo"
                for="grading_rubrics"
              >
                Grading Rubrics (tick all that apply)
              </label>
              <p
                class="sc-eNQAEJ ddBNwG"
              >
                Judges will be expected to grade project submissions on which one of the following
              </p>
              Â 
              <div
                class="sc-kGXeez ipfKQQ"
              >
                <input
                  class="sc-dxgOiQ hBWsyH"
                  id="presentation"
                  name="rubrics"
                  type="checkbox"
                  value="presentation"
                />
                <label
                  class="sc-cSHVUG zmqIo"
                  for="presentation"
                >
                  Presentation
                </label>
              </div>
              <div
                class="sc-kGXeez ipfKQQ"
              >
                <input
                  class="sc-dxgOiQ hBWsyH"
                  id="product_fit"
                  name="rubrics"
                  type="checkbox"
                  value="product_fit"
                />
                <label
                  class="sc-cSHVUG zmqIo"
                  for="product_fit"
                >
                  Product Fit
                </label>
              </div>
              <div
                class="sc-kGXeez ipfKQQ"
              >
                <input
                  class="sc-dxgOiQ hBWsyH"
                  id="functionality"
                  name="rubrics"
                  type="checkbox"
                  value="functionality"
                />
                <label
                  class="sc-cSHVUG zmqIo"
                  for="functionality"
                >
                  Functionality
                </label>
              </div>
              <div
                class="sc-kGXeez ipfKQQ"
              >
                <input
                  class="sc-dxgOiQ hBWsyH"
                  id="innovation"
                  name="rubrics"
                  type="checkbox"
                  value="innovation"
                />
                <label
                  class="sc-cSHVUG zmqIo"
                  for="innovation"
                >
                  Innovation
                </label>
              </div>
              <div
                class="sc-kGXeez ipfKQQ"
              >
                <input
                  class="sc-dxgOiQ hBWsyH"
                  id="product_design"
                  name="rubrics"
                  type="checkbox"
                  value="product_design"
                />
                <label
                  class="sc-cSHVUG zmqIo"
                  for="product_design"
                >
                  Product Design
                </label>
              </div>
              <div
                class="sc-kGXeez ipfKQQ"
              >
                <input
                  class="sc-dxgOiQ hBWsyH"
                  id="extensibility"
                  name="rubrics"
                  type="checkbox"
                  value="extensibility"
                />
                <label
                  class="sc-cSHVUG zmqIo"
                  for="extensibility"
                >
                  Extensibility
                </label>
              </div>
            </div>
            <div
              class="sc-jTzLTM bxzhAG"
            >
              <div
                class="sc-fjdhpX gpYlNN"
              >
                <label
                  class="sc-cSHVUG zmqIo"
                  for="participation_type"
                >
                  Participation Type
                </label>
                <select
                  class="sc-jKJlTe ePeoXD"
                  id="participation_type"
                  name="participation_type"
                >
                  <option
                    disabled=""
                    hidden=""
                    value=""
                  >
                    Choose
                  </option>
                  <option
                    value="individual"
                  >
                    Individual
                  </option>
                  <option
                    value="team"
                  >
                    Team
                  </option>
                  <option
                    value="both"
                  >
                    Both
                  </option>
                </select>
                <span
                  class="sc-hMqMXs sc-hSdWYo lfRhmD"
                />
              </div>
              <div
                class="sc-fjdhpX gpYlNN"
              >
                <label
                  class="sc-cSHVUG zmqIo"
                  for="event_category"
                >
                  Event Category
                </label>
                <select
                  class="sc-jKJlTe ePeoXD"
                  id="event_category"
                  name="event_category"
                >
                  <option
                    disabled=""
                    hidden=""
                    value=""
                  >
                    Choose
                  </option>
                  <option
                    value="2"
                  >
                    Summer Hackton
                  </option>
                  <option
                    value="3"
                  >
                    World Hackton
                  </option>
                  <option
                    value="3"
                  >
                    Asia Hackton
                  </option>
                  <option
                    value="3"
                  >
                    Gamer's Hackton
                  </option>
                  <option
                    value="3"
                  >
                    Advanced Hackton
                  </option>
                </select>
                <span
                  class="sc-hMqMXs sc-hSdWYo lfRhmD"
                />
              </div>
            </div>
          </div>
          <div
            class="sc-gZMcBi YuTYM"
          >
            <div
              class="sc-jTzLTM bxzhAG"
            >
              <label
                class="sc-cSHVUG zmqIo"
                for="location"
              >
                Location
              </label>
              <input
                class="sc-chPdSV iulMjd"
                display="wide"
                id="location"
                name="location"
                type="text"
                value=""
              />
              <span
                class="sc-hMqMXs sc-hSdWYo lfRhmD"
              />
            </div>
            <div
              class="sc-jTzLTM bxzhAG"
            >
              <label
                class="sc-cSHVUG zmqIo"
                for="guidelines"
              >
                Guidelines
              </label>
              <div
                class="sc-ckVGcZ bkFhs"
              >
                <textarea
                  id="guidelines"
                  name="guidelines"
                  type="text"
                />
              </div>
              <span
                class="sc-hMqMXs sc-hSdWYo lfRhmD"
              />
            </div>
            <div
              class="sc-jTzLTM bxzhAG"
            >
               
              <label
                class="sc-cSHVUG zmqIo"
                for="input_tags"
              >
                Tags
              </label>
              <div
                class="input-tag"
                id="input_tags"
                tags=""
              >
                <ul
                  class="input-tag__tags"
                >
                  <li
                    class="input-tag__tags__input"
                  >
                    <input
                      maxlength="20"
                      type="text"
                    />
                  </li>
                </ul>
              </div>
            </div>
            <div
              class="sc-jTzLTM bxzhAG"
              id="submission_requirements"
            >
              <label
                class="sc-cSHVUG zmqIo"
                for="submission_requirements"
              >
                Project Submission Requirements (tick all that apply)
              </label>
              <p
                class="sc-eNQAEJ ddBNwG"
              >
                Participants will be expected to submit which one of the following
              </p>
              <div
                class="sc-kGXeez ipfKQQ"
              >
                <input
                  class="sc-dxgOiQ hBWsyH"
                  id="video_url"
                  name="requirements"
                  type="checkbox"
                  value="video_url"
                />
                <label
                  class="sc-cSHVUG zmqIo"
                  for="video_url"
                >
                  Video URL
                </label>
              </div>
              <div
                class="sc-kGXeez ipfKQQ"
              >
                <input
                  class="sc-dxgOiQ hBWsyH"
                  id="github_url"
                  name="requirements"
                  type="checkbox"
                  value="github_url"
                />
                <label
                  class="sc-cSHVUG zmqIo"
                  for="github_url"
                >
                  GitHub URL
                </label>
              </div>
            </div>
            <div
              class="sc-jTzLTM bxzhAG"
            />
            <button
              class="sc-bdVaJa gFEKGJ sc-gqjmRU dEyQNc"
              color="green"
              type="submit"
            >
              Submit
            </button>
          </div>
        </form>
      </div>
    </div>
  </body>,
  "container": <div>
    <div
      class="sc-dnqmqq kueQMu"
    >
      <div
        class="sc-gzVnrw sc-htoDjs eFnBQO"
      >
        <h3
          class="sc-EHOje sc-VigVT cSGDLg"
        >
          Create New Hackathon
        </h3>
        <p
          class="sc-jzJRlG jJZkgl"
          color="primary"
        >
          <svg
            aria-hidden="true"
            class="svg-inline--fa fa-times fa-w-11 sc-kAzzGY dnwlsD"
            data-icon="times"
            data-prefix="fas"
            focusable="false"
            role="img"
            viewBox="0 0 352 512"
            xmlns="http://www.w3.org/2000/svg"
          >
            <path
              d="M242.72 256l100.07-100.07c12.28-12.28 12.28-32.19 0-44.48l-22.24-22.24c-12.28-12.28-32.19-12.28-44.48 0L176 189.28 75.93 89.21c-12.28-12.28-32.19-12.28-44.48 0L9.21 111.45c-12.28 12.28-12.28 32.19 0 44.48L109.28 256 9.21 356.07c-12.28 12.28-12.28 32.19 0 44.48l22.24 22.24c12.28 12.28 32.2 12.28 44.48 0L176 322.72l100.07 100.07c12.28 12.28 32.2 12.28 44.48 0l22.24-22.24c12.28-12.28 12.28-32.19 0-44.48L242.72 256z"
              fill="currentColor"
            />
          </svg>
        </p>
      </div>
      <form
        action="#"
        class="sc-iwsKbI dsCYug"
      >
        <div
          class="sc-gZMcBi YuTYM"
        >
          <div
            class="sc-jTzLTM bxzhAG"
          >
            <label
              class="sc-cSHVUG zmqIo"
              for="event_title"
            >
              Hackathon Title
            </label>
            <input
              class="sc-chPdSV iulMjd"
              display="wide"
              id="event_title"
              name="event_title"
              type="text"
              value=""
            />
            <span
              class="sc-hMqMXs sc-hSdWYo lfRhmD"
            />
          </div>
          <div
            class="sc-jTzLTM bxzhAG"
          >
            <label
              class="sc-cSHVUG zmqIo"
              for="event_description"
            >
              Description
            </label>
            <div
              class="sc-ckVGcZ bkFhs"
            >
              <textarea
                id="event_description"
                name="event_description"
                type="text"
              />
            </div>
            <span
              class="sc-hMqMXs sc-hSdWYo lfRhmD"
            />
          </div>
          <div
            class="sc-jTzLTM bxzhAG"
          >
            <div
              class="sc-fjdhpX gpYlNN"
            >
              <label
                class="sc-cSHVUG zmqIo"
                for="start_date"
              >
                Event Starts
              </label>
              <input
                class="sc-chPdSV hhxnWJ"
                id="start_date"
                min="2020-03-20"
                name="start_date"
                placeholder="Event starts"
                type="date"
                value="2020-03-20"
              />
              <span
                class="sc-hMqMXs sc-hSdWYo lfRhmD"
              />
            </div>
            <div
              class="sc-fjdhpX gpYlNN"
            >
              <label
                class="sc-cSHVUG zmqIo"
                for="end_date"
              >
                Event Ends
              </label>
              <input
                class="sc-chPdSV hhxnWJ"
                id="end_date"
                min=""
                name="end_date"
                placeholder="Event ends"
                type="date"
                value="2020-03-20"
              />
              <span
                class="sc-hMqMXs sc-hSdWYo lfRhmD"
              />
            </div>
          </div>
          <div
            class="sc-jTzLTM bxzhAG"
            id="grading_rubrics"
          >
            <label
              class="sc-cSHVUG zmqIo"
              for="grading_rubrics"
            >
              Grading Rubrics (tick all that apply)
            </label>
            <p
              class="sc-eNQAEJ ddBNwG"
            >
              Judges will be expected to grade project submissions on which one of the following
            </p>
            Â 
            <div
              class="sc-kGXeez ipfKQQ"
            >
              <input
                class="sc-dxgOiQ hBWsyH"
                id="presentation"
                name="rubrics"
                type="checkbox"
                value="presentation"
              />
              <label
                class="sc-cSHVUG zmqIo"
                for="presentation"
              >
                Presentation
              </label>
            </div>
            <div
              class="sc-kGXeez ipfKQQ"
            >
              <input
                class="sc-dxgOiQ hBWsyH"
                id="product_fit"
                name="rubrics"
                type="checkbox"
                value="product_fit"
              />
              <label
                class="sc-cSHVUG zmqIo"
                for="product_fit"
              >
                Product Fit
              </label>
            </div>
            <div
              class="sc-kGXeez ipfKQQ"
            >
              <input
                class="sc-dxgOiQ hBWsyH"
                id="functionality"
                name="rubrics"
                type="checkbox"
                value="functionality"
              />
              <label
                class="sc-cSHVUG zmqIo"
                for="functionality"
              >
                Functionality
              </label>
            </div>
            <div
              class="sc-kGXeez ipfKQQ"
            >
              <input
                class="sc-dxgOiQ hBWsyH"
                id="innovation"
                name="rubrics"
                type="checkbox"
                value="innovation"
              />
              <label
                class="sc-cSHVUG zmqIo"
                for="innovation"
              >
                Innovation
              </label>
            </div>
            <div
              class="sc-kGXeez ipfKQQ"
            >
              <input
                class="sc-dxgOiQ hBWsyH"
                id="product_design"
                name="rubrics"
                type="checkbox"
                value="product_design"
              />
              <label
                class="sc-cSHVUG zmqIo"
                for="product_design"
              >
                Product Design
              </label>
            </div>
            <div
              class="sc-kGXeez ipfKQQ"
            >
              <input
                class="sc-dxgOiQ hBWsyH"
                id="extensibility"
                name="rubrics"
                type="checkbox"
                value="extensibility"
              />
              <label
                class="sc-cSHVUG zmqIo"
                for="extensibility"
              >
                Extensibility
              </label>
            </div>
          </div>
          <div
            class="sc-jTzLTM bxzhAG"
          >
            <div
              class="sc-fjdhpX gpYlNN"
            >
              <label
                class="sc-cSHVUG zmqIo"
                for="participation_type"
              >
                Participation Type
              </label>
              <select
                class="sc-jKJlTe ePeoXD"
                id="participation_type"
                name="participation_type"
              >
                <option
                  disabled=""
                  hidden=""
                  value=""
                >
                  Choose
                </option>
                <option
                  value="individual"
                >
                  Individual
                </option>
                <option
                  value="team"
                >
                  Team
                </option>
                <option
                  value="both"
                >
                  Both
                </option>
              </select>
              <span
                class="sc-hMqMXs sc-hSdWYo lfRhmD"
              />
            </div>
            <div
              class="sc-fjdhpX gpYlNN"
            >
              <label
                class="sc-cSHVUG zmqIo"
                for="event_category"
              >
                Event Category
              </label>
              <select
                class="sc-jKJlTe ePeoXD"
                id="event_category"
                name="event_category"
              >
                <option
                  disabled=""
                  hidden=""
                  value=""
                >
                  Choose
                </option>
                <option
                  value="2"
                >
                  Summer Hackton
                </option>
                <option
                  value="3"
                >
                  World Hackton
                </option>
                <option
                  value="3"
                >
                  Asia Hackton
                </option>
                <option
                  value="3"
                >
                  Gamer's Hackton
                </option>
                <option
                  value="3"
                >
                  Advanced Hackton
                </option>
              </select>
              <span
                class="sc-hMqMXs sc-hSdWYo lfRhmD"
              />
            </div>
          </div>
        </div>
        <div
          class="sc-gZMcBi YuTYM"
        >
          <div
            class="sc-jTzLTM bxzhAG"
          >
            <label
              class="sc-cSHVUG zmqIo"
              for="location"
            >
              Location
            </label>
            <input
              class="sc-chPdSV iulMjd"
              display="wide"
              id="location"
              name="location"
              type="text"
              value=""
            />
            <span
              class="sc-hMqMXs sc-hSdWYo lfRhmD"
            />
          </div>
          <div
            class="sc-jTzLTM bxzhAG"
          >
            <label
              class="sc-cSHVUG zmqIo"
              for="guidelines"
            >
              Guidelines
            </label>
            <div
              class="sc-ckVGcZ bkFhs"
            >
              <textarea
                id="guidelines"
                name="guidelines"
                type="text"
              />
            </div>
            <span
              class="sc-hMqMXs sc-hSdWYo lfRhmD"
            />
          </div>
          <div
            class="sc-jTzLTM bxzhAG"
          >
             
            <label
              class="sc-cSHVUG zmqIo"
              for="input_tags"
            >
              Tags
            </label>
            <div
              class="input-tag"
              id="input_tags"
              tags=""
            >
              <ul
                class="input-tag__tags"
              >
                <li
                  class="input-tag__tags__input"
                >
                  <input
                    maxlength="20"
                    type="text"
                  />
                </li>
              </ul>
            </div>
          </div>
          <div
            class="sc-jTzLTM bxzhAG"
            id="submission_requirements"
          >
            <label
              class="sc-cSHVUG zmqIo"
              for="submission_requirements"
            >
              Project Submission Requirements (tick all that apply)
            </label>
            <p
              class="sc-eNQAEJ ddBNwG"
            >
              Participants will be expected to submit which one of the following
            </p>
            <div
              class="sc-kGXeez ipfKQQ"
            >
              <input
                class="sc-dxgOiQ hBWsyH"
                id="video_url"
                name="requirements"
                type="checkbox"
                value="video_url"
              />
              <label
                class="sc-cSHVUG zmqIo"
                for="video_url"
              >
                Video URL
              </label>
            </div>
            <div
              class="sc-kGXeez ipfKQQ"
            >
              <input
                class="sc-dxgOiQ hBWsyH"
                id="github_url"
                name="requirements"
                type="checkbox"
                value="github_url"
              />
              <label
                class="sc-cSHVUG zmqIo"
                for="github_url"
              >
                GitHub URL
              </label>
            </div>
          </div>
          <div
            class="sc-jTzLTM bxzhAG"
          />
          <button
            class="sc-bdVaJa gFEKGJ sc-gqjmRU dEyQNc"
            color="green"
            type="submit"
          >
            Submit
          </button>
        </div>
      </form>
    </div>
  </div>,
  "debug": [Function],
  "findAllByAltText": [Function],
  "findAllByDisplayValue": [Function],
  "findAllByLabelText": [Function],
  "findAllByPlaceholderText": [Function],
  "findAllByRole": [Function],
  "findAllByTestId": [Function],
  "findAllByText": [Function],
  "findAllByTitle": [Function],
  "findByAltText": [Function],
  "findByDisplayValue": [Function],
  "findByLabelText": [Function],
  "findByPlaceholderText": [Function],
  "findByRole": [Function],
  "findByTestId": [Function],
  "findByText": [Function],
  "findByTitle": [Function],
  "getAllByAltText": [Function],
  "getAllByDisplayValue": [Function],
  "getAllByLabelText": [Function],
  "getAllByPlaceholderText": [Function],
  "getAllByRole": [Function],
  "getAllByTestId": [Function],
  "getAllByText": [Function],
  "getAllByTitle": [Function],
  "getByAltText": [Function],
  "getByDisplayValue": [Function],
  "getByLabelText": [Function],
  "getByPlaceholderText": [Function],
  "getByRole": [Function],
  "getByTestId": [Function],
  "getByText": [Function],
  "getByTitle": [Function],
  "queryAllByAltText": [Function],
  "queryAllByDisplayValue": [Function],
  "queryAllByLabelText": [Function],
  "queryAllByPlaceholderText": [Function],
  "queryAllByRole": [Function],
  "queryAllByTestId": [Function],
  "queryAllByText": [Function],
  "queryAllByTitle": [Function],
  "queryByAltText": [Function],
  "queryByDisplayValue": [Function],
  "queryByLabelText": [Function],
  "queryByPlaceholderText": [Function],
  "queryByRole": [Function],
  "queryByTestId": [Function],
  "queryByText": [Function],
  "queryByTitle": [Function],
  "rerender": [Function],
  "unmount": [Function],
}
`;
