// Jest Snapshot v1, https://goo.gl/fbAQLP

exports[`Asserts that the text nodes on HackathonProjectPage.js render properly  asserts that the component renders properly 1`] = `undefined`;
