// Jest Snapshot v1, https://goo.gl/fbAQLP

exports[`Shows all the text nodes on PageNotFound.js renders without crashing  1`] = `
Object {
  "asFragment": [Function],
  "baseElement": <body>
    <div>
      <div
        class="sc-bdVaJa sc-gZMcBi bqWaRI"
      >
        <div
          class="sc-bdVaJa sc-iwsKbI iCbNai"
        >
          <h2
            class="sc-bxivhb sc-gqjmRU icwjAo"
          >
            Ooops!
          </h2>
          <h3
            class="sc-fjdhpX kwqgzP"
          >
            We can't seem to find the page  you are looking for
          </h3>
          <h3>
            Error code: 404
          </h3>
          <a
            href="/dashboard"
            style="text-decoration: none; color: lightcoral; padding-top: 10px;"
          >
            Home
          </a>
        </div>
        <div
          class="sc-bdVaJa sc-iwsKbI iCbNai"
        >
          <img
            alt="404 icon"
            src="notFound_icon.svg"
          />
        </div>
      </div>
    </div>
  </body>,
  "container": <div>
    <div
      class="sc-bdVaJa sc-gZMcBi bqWaRI"
    >
      <div
        class="sc-bdVaJa sc-iwsKbI iCbNai"
      >
        <h2
          class="sc-bxivhb sc-gqjmRU icwjAo"
        >
          Ooops!
        </h2>
        <h3
          class="sc-fjdhpX kwqgzP"
        >
          We can't seem to find the page  you are looking for
        </h3>
        <h3>
          Error code: 404
        </h3>
        <a
          href="/dashboard"
          style="text-decoration: none; color: lightcoral; padding-top: 10px;"
        >
          Home
        </a>
      </div>
      <div
        class="sc-bdVaJa sc-iwsKbI iCbNai"
      >
        <img
          alt="404 icon"
          src="notFound_icon.svg"
        />
      </div>
    </div>
  </div>,
  "debug": [Function],
  "findAllByAltText": [Function],
  "findAllByDisplayValue": [Function],
  "findAllByLabelText": [Function],
  "findAllByPlaceholderText": [Function],
  "findAllByRole": [Function],
  "findAllByTestId": [Function],
  "findAllByText": [Function],
  "findAllByTitle": [Function],
  "findByAltText": [Function],
  "findByDisplayValue": [Function],
  "findByLabelText": [Function],
  "findByPlaceholderText": [Function],
  "findByRole": [Function],
  "findByTestId": [Function],
  "findByText": [Function],
  "findByTitle": [Function],
  "getAllByAltText": [Function],
  "getAllByDisplayValue": [Function],
  "getAllByLabelText": [Function],
  "getAllByPlaceholderText": [Function],
  "getAllByRole": [Function],
  "getAllByTestId": [Function],
  "getAllByText": [Function],
  "getAllByTitle": [Function],
  "getByAltText": [Function],
  "getByDisplayValue": [Function],
  "getByLabelText": [Function],
  "getByPlaceholderText": [Function],
  "getByRole": [Function],
  "getByTestId": [Function],
  "getByText": [Function],
  "getByTitle": [Function],
  "queryAllByAltText": [Function],
  "queryAllByDisplayValue": [Function],
  "queryAllByLabelText": [Function],
  "queryAllByPlaceholderText": [Function],
  "queryAllByRole": [Function],
  "queryAllByTestId": [Function],
  "queryAllByText": [Function],
  "queryAllByTitle": [Function],
  "queryByAltText": [Function],
  "queryByDisplayValue": [Function],
  "queryByLabelText": [Function],
  "queryByPlaceholderText": [Function],
  "queryByRole": [Function],
  "queryByTestId": [Function],
  "queryByText": [Function],
  "queryByTitle": [Function],
  "rerender": [Function],
  "unmount": [Function],
}
`;
