// Jest Snapshot v1, https://goo.gl/fbAQLP

exports[`Component ParticipantSubmissionPage.js text nodes renders properly asserts that the component renders properly 1`] = `
Object {
  "asFragment": [Function],
  "baseElement": <body>
    <div>
      <div
        class="sc-bdVaJa sc-bwzfXH ckrujS"
      >
        <div
          class="sc-fjdhpX sc-cSHVUG kRWpKH"
        >
          <div
            class="sc-gzVnrw hdKmCx"
          >
            <h3
              class="sc-ifAKCX bZCfiG"
            >
              Submit Project
            </h3>
          </div>
          <form
            action="#"
          >
            <div
              class="sc-dnqmqq kaZCDV"
            >
              <p
                class="sc-kkGfuU eDlHfh"
              >
                You are making a submission for the
                 
                <strong>
                  EuroHack
                </strong>
                . Please ensure you have read the event guidelines and have gone through the grading rubrics for this event before you make your submission.
              </p>
            </div>
            <div
              class="sc-dnqmqq kaZCDV"
            >
              <div
                class="sc-gZMcBi ecCefW"
              >
                <label
                  class="sc-iAyFgw gHRRSC"
                  for="project_title"
                >
                  Project Title
                </label>
                <input
                  class="sc-jWBwVP fJzuhh"
                  display="wide"
                  id="project_title"
                  name="project_title"
                  type="text"
                  value=""
                />
                <span
                  class="sc-kpOJdX sc-eNQAEJ caiPaO"
                />
              </div>
              <div
                class="sc-gZMcBi ecCefW"
              >
                <label
                  class="sc-iAyFgw gHRRSC"
                  for="participant_or_team_nam"
                >
                  Team/Participant name
                </label>
                <input
                  class="sc-jWBwVP fJzuhh"
                  display="wide"
                  id="participant_or_team_name"
                  name="participant_or_team_name"
                  type="text"
                  value=""
                />
                <span
                  class="sc-kpOJdX sc-eNQAEJ caiPaO"
                />
              </div>
            </div>
            <div
              class="sc-dnqmqq bzpXAs"
            >
              <label
                class="sc-iAyFgw gHRRSC"
                for="project_writeups"
              >
                Project Writeup
              </label>
              <div
                class="sc-brqgnP huAjuz"
              >
                <textarea
                  id="project_writeups"
                  name="project_writeups"
                  type="text"
                />
              </div>
              <span
                class="sc-kpOJdX sc-eNQAEJ caiPaO"
              />
            </div>
            <div
              class="sc-dnqmqq kaZCDV"
            >
              <a
                class="sc-eHgmQL gOnppE"
                color="grey"
                href="/dashboard"
              >
                Cancel
              </a>
              <button
                class="sc-hSdWYo lgDWKZ"
                color="green"
                type="submit"
              >
                Submit
              </button>
            </div>
          </form>
        </div>
      </div>
    </div>
  </body>,
  "container": <div>
    <div
      class="sc-bdVaJa sc-bwzfXH ckrujS"
    >
      <div
        class="sc-fjdhpX sc-cSHVUG kRWpKH"
      >
        <div
          class="sc-gzVnrw hdKmCx"
        >
          <h3
            class="sc-ifAKCX bZCfiG"
          >
            Submit Project
          </h3>
        </div>
        <form
          action="#"
        >
          <div
            class="sc-dnqmqq kaZCDV"
          >
            <p
              class="sc-kkGfuU eDlHfh"
            >
              You are making a submission for the
               
              <strong>
                EuroHack
              </strong>
              . Please ensure you have read the event guidelines and have gone through the grading rubrics for this event before you make your submission.
            </p>
          </div>
          <div
            class="sc-dnqmqq kaZCDV"
          >
            <div
              class="sc-gZMcBi ecCefW"
            >
              <label
                class="sc-iAyFgw gHRRSC"
                for="project_title"
              >
                Project Title
              </label>
              <input
                class="sc-jWBwVP fJzuhh"
                display="wide"
                id="project_title"
                name="project_title"
                type="text"
                value=""
              />
              <span
                class="sc-kpOJdX sc-eNQAEJ caiPaO"
              />
            </div>
            <div
              class="sc-gZMcBi ecCefW"
            >
              <label
                class="sc-iAyFgw gHRRSC"
                for="participant_or_team_nam"
              >
                Team/Participant name
              </label>
              <input
                class="sc-jWBwVP fJzuhh"
                display="wide"
                id="participant_or_team_name"
                name="participant_or_team_name"
                type="text"
                value=""
              />
              <span
                class="sc-kpOJdX sc-eNQAEJ caiPaO"
              />
            </div>
          </div>
          <div
            class="sc-dnqmqq bzpXAs"
          >
            <label
              class="sc-iAyFgw gHRRSC"
              for="project_writeups"
            >
              Project Writeup
            </label>
            <div
              class="sc-brqgnP huAjuz"
            >
              <textarea
                id="project_writeups"
                name="project_writeups"
                type="text"
              />
            </div>
            <span
              class="sc-kpOJdX sc-eNQAEJ caiPaO"
            />
          </div>
          <div
            class="sc-dnqmqq kaZCDV"
          >
            <a
              class="sc-eHgmQL gOnppE"
              color="grey"
              href="/dashboard"
            >
              Cancel
            </a>
            <button
              class="sc-hSdWYo lgDWKZ"
              color="green"
              type="submit"
            >
              Submit
            </button>
          </div>
        </form>
      </div>
    </div>
  </div>,
  "debug": [Function],
  "findAllByAltText": [Function],
  "findAllByDisplayValue": [Function],
  "findAllByLabelText": [Function],
  "findAllByPlaceholderText": [Function],
  "findAllByRole": [Function],
  "findAllByTestId": [Function],
  "findAllByText": [Function],
  "findAllByTitle": [Function],
  "findByAltText": [Function],
  "findByDisplayValue": [Function],
  "findByLabelText": [Function],
  "findByPlaceholderText": [Function],
  "findByRole": [Function],
  "findByTestId": [Function],
  "findByText": [Function],
  "findByTitle": [Function],
  "getAllByAltText": [Function],
  "getAllByDisplayValue": [Function],
  "getAllByLabelText": [Function],
  "getAllByPlaceholderText": [Function],
  "getAllByRole": [Function],
  "getAllByTestId": [Function],
  "getAllByText": [Function],
  "getAllByTitle": [Function],
  "getByAltText": [Function],
  "getByDisplayValue": [Function],
  "getByLabelText": [Function],
  "getByPlaceholderText": [Function],
  "getByRole": [Function],
  "getByTestId": [Function],
  "getByText": [Function],
  "getByTitle": [Function],
  "queryAllByAltText": [Function],
  "queryAllByDisplayValue": [Function],
  "queryAllByLabelText": [Function],
  "queryAllByPlaceholderText": [Function],
  "queryAllByRole": [Function],
  "queryAllByTestId": [Function],
  "queryAllByText": [Function],
  "queryAllByTitle": [Function],
  "queryByAltText": [Function],
  "queryByDisplayValue": [Function],
  "queryByLabelText": [Function],
  "queryByPlaceholderText": [Function],
  "queryByRole": [Function],
  "queryByTestId": [Function],
  "queryByText": [Function],
  "queryByTitle": [Function],
  "rerender": [Function],
  "unmount": [Function],
}
`;
