// Jest Snapshot v1, https://goo.gl/fbAQLP

exports[`Component UserProfileFormPage.js renders properly asserts that the component renders properly 1`] = `
Object {
  "asFragment": [Function],
  "baseElement": <body>
    <div>
      <div>
        <div
          class="sc-bdVaJa gOhKpA"
        >
          <div
            class="sc-htpNat dAVxPZ"
          >
            <a
              href="/dashboard"
            >
              <img
                alt="Hackton - Organise hackathons"
                class="sc-ifAKCX gCNDrT"
                src="Hackton-logo.png"
              />
            </a>
            <div
              class="sc-tilXH iUsghC"
            >
              <div
                class="sc-EHOje kXozTT"
              >
                8
                <ul
                  class="sc-bZQynM dfAYGq"
                >
                  <li>
                    <a
                      href="/dashboard/profile/edit"
                    >
                      Settings
                    </a>
                  </li>
                  <li>
                    <span>
                      LogOut
                    </span>
                  </li>
                </ul>
              </div>
            </div>
          </div>
        </div>
        <div
          class="sc-hzDkRC cBfjrB"
        >
          <div
            class="sc-jhAzac jxgZSd sc-jbKcbu iFCIT"
          >
            <div
              class="sc-dVhcbM iWcBSy"
            >
              <h3
                class="sc-jzJRlG dhdOHq"
              >
                Edit Profile
              </h3>
            </div>
            <div
              class="sc-fAjcbJ DOSjX"
            >
              <div
                class="sc-cJSrbW sc-ksYbfQ sc-jqCOkK jnpjEb"
              >
                <form
                  action="#"
                >
                  <label
                    class="sc-jWBwVP sc-dNLxif hwfiyt"
                    for="image"
                  >
                    Profile picture
                  </label>
                  <figure
                    class="sc-kgAjT igvAIP"
                  >
                    <div>
                      <img
                        alt=""
                        src="profile-image.png"
                      />
                    </div>
                    <p>
                      Jake22
                    </p>
                  </figure>
                  <div
                    class="sc-fAjcbJ DOSjX"
                  >
                    <label
                      class="sc-jWBwVP hzoveM"
                      for="fullname"
                    >
                      Full Name
                    </label>
                    <input
                      class="sc-jDwBTQ dCmcys"
                      display="wide"
                      name="fullname"
                      placeholder="Full Name"
                      type="text"
                      value="Jake Tom"
                    />
                  </div>
                  <div
                    class="sc-fAjcbJ DOSjX"
                  >
                    <label
                      class="sc-jWBwVP hzoveM"
                      for="image"
                    >
                      Profile Image
                    </label>
                    <input
                      accept="image/*"
                      class="sc-jDwBTQ dCmcys"
                      display="wide"
                      name="image_url"
                      placeholder="Profile picture"
                      type="file"
                      value=""
                    />
                  </div>
                  <div
                    class="sc-fAjcbJ DOSjX"
                  >
                    <div
                      class="sc-gisBJw crwmrK"
                    >
                      <label
                        class="sc-jWBwVP hzoveM"
                        for="email"
                      >
                        Email
                      </label>
                      <input
                        class="sc-jDwBTQ dCmcys"
                        display="wide"
                        name="email"
                        placeholder="Email"
                        type="text"
                        value="8omemail@google.com"
                      />
                    </div>
                    <div
                      class="sc-gisBJw crwmrK"
                    >
                      <label
                        class="sc-jWBwVP hzoveM"
                        for="username"
                      >
                        Username
                      </label>
                      <input
                        class="sc-jDwBTQ dCmcys"
                        display="wide"
                        name="username"
                        placeholder="Username"
                        type="text"
                        value="Jake22"
                      />
                    </div>
                  </div>
                  <div
                    class="sc-fAjcbJ DOSjX"
                  >
                    <label
                      class="sc-jWBwVP hzoveM"
                      for="bio"
                    >
                      Bio
                    </label>
                    <div
                      class="sc-cHGsZl gHdjpq"
                    >
                      <textarea
                        name="bio"
                        placeholder="bio"
                      >
                        I like coding 
                      </textarea>
                    </div>
                  </div>
                  <div
                    class="sc-fAjcbJ sc-uJMKN tcxiG"
                  >
                    <a
                      href="/dashboard"
                    >
                      <button
                        class="sc-brqgnP fafvla"
                        color="grey"
                        to="/dashboard"
                      >
                        Cancel
                      </button>
                    </a>
                    <button
                      class="sc-brqgnP gyEPEd sc-bbmXgH eUNjaM"
                      color="green"
                      type="submit"
                    >
                      Save Changes
                    </button>
                  </div>
                </form>
              </div>
            </div>
          </div>
        </div>
        <div
          class="sc-gzVnrw cAymxl"
        >
          <p
            class="sc-gZMcBi dqwYd"
          >
            International Crafters Â© 2020
          </p>
          <div>
            <a
              class="sc-htoDjs sc-iwsKbI jiENTn"
              href="#"
            >
              Privacy
            </a>
            <a
              class="sc-htoDjs sc-iwsKbI jiENTn"
              href="#"
            >
              Contacts
            </a>
          </div>
        </div>
      </div>
    </div>
  </body>,
  "container": <div>
    <div>
      <div
        class="sc-bdVaJa gOhKpA"
      >
        <div
          class="sc-htpNat dAVxPZ"
        >
          <a
            href="/dashboard"
          >
            <img
              alt="Hackton - Organise hackathons"
              class="sc-ifAKCX gCNDrT"
              src="Hackton-logo.png"
            />
          </a>
          <div
            class="sc-tilXH iUsghC"
          >
            <div
              class="sc-EHOje kXozTT"
            >
              8
              <ul
                class="sc-bZQynM dfAYGq"
              >
                <li>
                  <a
                    href="/dashboard/profile/edit"
                  >
                    Settings
                  </a>
                </li>
                <li>
                  <span>
                    LogOut
                  </span>
                </li>
              </ul>
            </div>
          </div>
        </div>
      </div>
      <div
        class="sc-hzDkRC cBfjrB"
      >
        <div
          class="sc-jhAzac jxgZSd sc-jbKcbu iFCIT"
        >
          <div
            class="sc-dVhcbM iWcBSy"
          >
            <h3
              class="sc-jzJRlG dhdOHq"
            >
              Edit Profile
            </h3>
          </div>
          <div
            class="sc-fAjcbJ DOSjX"
          >
            <div
              class="sc-cJSrbW sc-ksYbfQ sc-jqCOkK jnpjEb"
            >
              <form
                action="#"
              >
                <label
                  class="sc-jWBwVP sc-dNLxif hwfiyt"
                  for="image"
                >
                  Profile picture
                </label>
                <figure
                  class="sc-kgAjT igvAIP"
                >
                  <div>
                    <img
                      alt=""
                      src="profile-image.png"
                    />
                  </div>
                  <p>
                    Jake22
                  </p>
                </figure>
                <div
                  class="sc-fAjcbJ DOSjX"
                >
                  <label
                    class="sc-jWBwVP hzoveM"
                    for="fullname"
                  >
                    Full Name
                  </label>
                  <input
                    class="sc-jDwBTQ dCmcys"
                    display="wide"
                    name="fullname"
                    placeholder="Full Name"
                    type="text"
                    value="Jake Tom"
                  />
                </div>
                <div
                  class="sc-fAjcbJ DOSjX"
                >
                  <label
                    class="sc-jWBwVP hzoveM"
                    for="image"
                  >
                    Profile Image
                  </label>
                  <input
                    accept="image/*"
                    class="sc-jDwBTQ dCmcys"
                    display="wide"
                    name="image_url"
                    placeholder="Profile picture"
                    type="file"
                    value=""
                  />
                </div>
                <div
                  class="sc-fAjcbJ DOSjX"
                >
                  <div
                    class="sc-gisBJw crwmrK"
                  >
                    <label
                      class="sc-jWBwVP hzoveM"
                      for="email"
                    >
                      Email
                    </label>
                    <input
                      class="sc-jDwBTQ dCmcys"
                      display="wide"
                      name="email"
                      placeholder="Email"
                      type="text"
                      value="8omemail@google.com"
                    />
                  </div>
                  <div
                    class="sc-gisBJw crwmrK"
                  >
                    <label
                      class="sc-jWBwVP hzoveM"
                      for="username"
                    >
                      Username
                    </label>
                    <input
                      class="sc-jDwBTQ dCmcys"
                      display="wide"
                      name="username"
                      placeholder="Username"
                      type="text"
                      value="Jake22"
                    />
                  </div>
                </div>
                <div
                  class="sc-fAjcbJ DOSjX"
                >
                  <label
                    class="sc-jWBwVP hzoveM"
                    for="bio"
                  >
                    Bio
                  </label>
                  <div
                    class="sc-cHGsZl gHdjpq"
                  >
                    <textarea
                      name="bio"
                      placeholder="bio"
                    >
                      I like coding 
                    </textarea>
                  </div>
                </div>
                <div
                  class="sc-fAjcbJ sc-uJMKN tcxiG"
                >
                  <a
                    href="/dashboard"
                  >
                    <button
                      class="sc-brqgnP fafvla"
                      color="grey"
                      to="/dashboard"
                    >
                      Cancel
                    </button>
                  </a>
                  <button
                    class="sc-brqgnP gyEPEd sc-bbmXgH eUNjaM"
                    color="green"
                    type="submit"
                  >
                    Save Changes
                  </button>
                </div>
              </form>
            </div>
          </div>
        </div>
      </div>
      <div
        class="sc-gzVnrw cAymxl"
      >
        <p
          class="sc-gZMcBi dqwYd"
        >
          International Crafters Â© 2020
        </p>
        <div>
          <a
            class="sc-htoDjs sc-iwsKbI jiENTn"
            href="#"
          >
            Privacy
          </a>
          <a
            class="sc-htoDjs sc-iwsKbI jiENTn"
            href="#"
          >
            Contacts
          </a>
        </div>
      </div>
    </div>
  </div>,
  "debug": [Function],
  "findAllByAltText": [Function],
  "findAllByDisplayValue": [Function],
  "findAllByLabelText": [Function],
  "findAllByPlaceholderText": [Function],
  "findAllByRole": [Function],
  "findAllByTestId": [Function],
  "findAllByText": [Function],
  "findAllByTitle": [Function],
  "findByAltText": [Function],
  "findByDisplayValue": [Function],
  "findByLabelText": [Function],
  "findByPlaceholderText": [Function],
  "findByRole": [Function],
  "findByTestId": [Function],
  "findByText": [Function],
  "findByTitle": [Function],
  "getAllByAltText": [Function],
  "getAllByDisplayValue": [Function],
  "getAllByLabelText": [Function],
  "getAllByPlaceholderText": [Function],
  "getAllByRole": [Function],
  "getAllByTestId": [Function],
  "getAllByText": [Function],
  "getAllByTitle": [Function],
  "getByAltText": [Function],
  "getByDisplayValue": [Function],
  "getByLabelText": [Function],
  "getByPlaceholderText": [Function],
  "getByRole": [Function],
  "getByTestId": [Function],
  "getByText": [Function],
  "getByTitle": [Function],
  "queryAllByAltText": [Function],
  "queryAllByDisplayValue": [Function],
  "queryAllByLabelText": [Function],
  "queryAllByPlaceholderText": [Function],
  "queryAllByRole": [Function],
  "queryAllByTestId": [Function],
  "queryAllByText": [Function],
  "queryAllByTitle": [Function],
  "queryByAltText": [Function],
  "queryByDisplayValue": [Function],
  "queryByLabelText": [Function],
  "queryByPlaceholderText": [Function],
  "queryByRole": [Function],
  "queryByTestId": [Function],
  "queryByText": [Function],
  "queryByTitle": [Function],
  "rerender": [Function],
  "unmount": [Function],
}
`;
