// Jest Snapshot v1, https://goo.gl/fbAQLP

exports[`It should render UserProfilePage page correctly renders the UserProfilePage component correctly 1`] = `[Function]`;
