// Jest Snapshot v1, https://goo.gl/fbAQLP

exports[`Asserts that text nodes on NewPassword.js,render properly ResetPassword.js component renders properly 1`] = `
Object {
  "asFragment": [Function],
  "baseElement": <body>
    <div>
      <div>
        <div
          class="sc-hzDkRC dKOuJG"
        >
          <div
            class="sc-fBuWsC jWlczg"
          >
            <a
              href="/"
            >
              <img
                alt="Hackton - Organise hackathons"
                class="sc-dVhcbM fIwlsM"
                src="Hackton-logo.png"
              />
            </a>
            <div
              class="sc-eqIVtm gCOrvJ"
            >
              <a
                class="sc-cMljjf lajdkL"
                href="/login"
              >
                Log In
              </a>
              <a
                class="sc-cMljjf dYptiY"
                color="blue"
                href="/register"
              >
                Sign Up
              </a>
            </div>
          </div>
        </div>
        <div
          class="sc-bwzfXH hQwRux"
        >
          <div
            class="sc-bxivhb eJIpFO"
          >
            <img
              alt="Reset passowrd"
              class="sc-EHOje gVUAzz"
              src="Signup.png"
            />
            <div
              class="sc-bZQynM bYrUTg"
            >
              <h1
                class="sc-htoDjs hOpwJQ"
              >
                Change the password
              </h1>
              <p
                class="sc-jzJRlG eWJCf"
              >
                Please enter new password and confirm it in the second input field.
              </p>
              <form
                action="#"
              >
                <input
                  class="sc-bdVaJa kVWpri"
                  display="wide"
                  id="newPassword"
                  name="newPassword"
                  placeholder="Enter new password"
                  type="password"
                  value=""
                />
                <span
                  class="sc-jAaTju sc-iRbamj eBAQsS"
                />
                <input
                  class="sc-bdVaJa kVWpri"
                  display="wide"
                  id="newPasswordConfirm"
                  name="newPasswordConfirm"
                  placeholder="Confirm new password"
                  type="password"
                  value=""
                />
                <span
                  class="sc-jAaTju sc-iRbamj eBAQsS"
                />
                <div
                  class="sc-chPdSV hcWdwp"
                >
                  <button
                    class="sc-brqgnP krIjdA"
                    color="blue"
                    type="submit"
                  >
                    Change Password
                  </button>
                </div>
              </form>
            </div>
          </div>
        </div>
        <div
          class="sc-kGXeez cXSUJN"
        >
          <div
            class="sc-dxgOiQ nQsul"
          >
            <div>
              <img
                alt="LinkedIn"
                class="sc-jKJlTe cxGEaI"
                src="Icon-linkedin.png"
              />
              <img
                alt="Twitter"
                class="sc-jKJlTe cxGEaI"
                src="Icon-twitter.png"
              />
              <img
                alt="Facebook"
                class="sc-jKJlTe cxGEaI"
                src="Icon-facebook.png"
              />
            </div>
            <div>
              <a
                class="sc-kEYyzF sc-iAyFgw bHoBLw"
                href="https://hackton.co/#team"
              >
                Team
              </a>
              <a
                class="sc-kEYyzF sc-iAyFgw bHoBLw"
                href="#"
              >
                Privacy
              </a>
              <a
                class="sc-kEYyzF sc-iAyFgw bHoBLw"
                href="#"
              >
                Contacts
              </a>
            </div>
            <div>
              <p
                class="sc-jzJRlG sc-cSHVUG iodlNy"
              >
                International Crafters © 2020
              </p>
            </div>
          </div>
        </div>
      </div>
    </div>
  </body>,
  "container": <div>
    <div>
      <div
        class="sc-hzDkRC dKOuJG"
      >
        <div
          class="sc-fBuWsC jWlczg"
        >
          <a
            href="/"
          >
            <img
              alt="Hackton - Organise hackathons"
              class="sc-dVhcbM fIwlsM"
              src="Hackton-logo.png"
            />
          </a>
          <div
            class="sc-eqIVtm gCOrvJ"
          >
            <a
              class="sc-cMljjf lajdkL"
              href="/login"
            >
              Log In
            </a>
            <a
              class="sc-cMljjf dYptiY"
              color="blue"
              href="/register"
            >
              Sign Up
            </a>
          </div>
        </div>
      </div>
      <div
        class="sc-bwzfXH hQwRux"
      >
        <div
          class="sc-bxivhb eJIpFO"
        >
          <img
            alt="Reset passowrd"
            class="sc-EHOje gVUAzz"
            src="Signup.png"
          />
          <div
            class="sc-bZQynM bYrUTg"
          >
            <h1
              class="sc-htoDjs hOpwJQ"
            >
              Change the password
            </h1>
            <p
              class="sc-jzJRlG eWJCf"
            >
              Please enter new password and confirm it in the second input field.
            </p>
            <form
              action="#"
            >
              <input
                class="sc-bdVaJa kVWpri"
                display="wide"
                id="newPassword"
                name="newPassword"
                placeholder="Enter new password"
                type="password"
                value=""
              />
              <span
                class="sc-jAaTju sc-iRbamj eBAQsS"
              />
              <input
                class="sc-bdVaJa kVWpri"
                display="wide"
                id="newPasswordConfirm"
                name="newPasswordConfirm"
                placeholder="Confirm new password"
                type="password"
                value=""
              />
              <span
                class="sc-jAaTju sc-iRbamj eBAQsS"
              />
              <div
                class="sc-chPdSV hcWdwp"
              >
                <button
                  class="sc-brqgnP krIjdA"
                  color="blue"
                  type="submit"
                >
                  Change Password
                </button>
              </div>
            </form>
          </div>
        </div>
      </div>
      <div
        class="sc-kGXeez cXSUJN"
      >
        <div
          class="sc-dxgOiQ nQsul"
        >
          <div>
            <img
              alt="LinkedIn"
              class="sc-jKJlTe cxGEaI"
              src="Icon-linkedin.png"
            />
            <img
              alt="Twitter"
              class="sc-jKJlTe cxGEaI"
              src="Icon-twitter.png"
            />
            <img
              alt="Facebook"
              class="sc-jKJlTe cxGEaI"
              src="Icon-facebook.png"
            />
          </div>
          <div>
            <a
              class="sc-kEYyzF sc-iAyFgw bHoBLw"
              href="https://hackton.co/#team"
            >
              Team
            </a>
            <a
              class="sc-kEYyzF sc-iAyFgw bHoBLw"
              href="#"
            >
              Privacy
            </a>
            <a
              class="sc-kEYyzF sc-iAyFgw bHoBLw"
              href="#"
            >
              Contacts
            </a>
          </div>
          <div>
            <p
              class="sc-jzJRlG sc-cSHVUG iodlNy"
            >
              International Crafters © 2020
            </p>
          </div>
        </div>
      </div>
    </div>
  </div>,
  "debug": [Function],
  "findAllByAltText": [Function],
  "findAllByDisplayValue": [Function],
  "findAllByLabelText": [Function],
  "findAllByPlaceholderText": [Function],
  "findAllByRole": [Function],
  "findAllByTestId": [Function],
  "findAllByText": [Function],
  "findAllByTitle": [Function],
  "findByAltText": [Function],
  "findByDisplayValue": [Function],
  "findByLabelText": [Function],
  "findByPlaceholderText": [Function],
  "findByRole": [Function],
  "findByTestId": [Function],
  "findByText": [Function],
  "findByTitle": [Function],
  "getAllByAltText": [Function],
  "getAllByDisplayValue": [Function],
  "getAllByLabelText": [Function],
  "getAllByPlaceholderText": [Function],
  "getAllByRole": [Function],
  "getAllByTestId": [Function],
  "getAllByText": [Function],
  "getAllByTitle": [Function],
  "getByAltText": [Function],
  "getByDisplayValue": [Function],
  "getByLabelText": [Function],
  "getByPlaceholderText": [Function],
  "getByRole": [Function],
  "getByTestId": [Function],
  "getByText": [Function],
  "getByTitle": [Function],
  "queryAllByAltText": [Function],
  "queryAllByDisplayValue": [Function],
  "queryAllByLabelText": [Function],
  "queryAllByPlaceholderText": [Function],
  "queryAllByRole": [Function],
  "queryAllByTestId": [Function],
  "queryAllByText": [Function],
  "queryAllByTitle": [Function],
  "queryByAltText": [Function],
  "queryByDisplayValue": [Function],
  "queryByLabelText": [Function],
  "queryByPlaceholderText": [Function],
  "queryByRole": [Function],
  "queryByTestId": [Function],
  "queryByText": [Function],
  "queryByTitle": [Function],
  "rerender": [Function],
  "unmount": [Function],
}
`;
